Component: ARM Compiler 5.06 update 7 (build 960) Tool: armlink [4d3601]

==============================================================================

Section Cross References

    startup_stm32l433xx.o(STACK) refers (Special) to heapauxi.o(.text) for __use_two_region_memory
    startup_stm32l433xx.o(HEAP) refers (Special) to heapauxi.o(.text) for __use_two_region_memory
    startup_stm32l433xx.o(RESET) refers (Special) to heapauxi.o(.text) for __use_two_region_memory
    startup_stm32l433xx.o(RESET) refers to startup_stm32l433xx.o(STACK) for __initial_sp
    startup_stm32l433xx.o(RESET) refers to startup_stm32l433xx.o(.text) for Reset_Handler
    startup_stm32l433xx.o(RESET) refers to stm32l4xx_it.o(i.NMI_Handler) for NMI_Handler
    startup_stm32l433xx.o(RESET) refers to stm32l4xx_it.o(i.HardFault_Handler) for HardFault_Handler
    startup_stm32l433xx.o(RESET) refers to stm32l4xx_it.o(i.MemManage_Handler) for MemManage_Handler
    startup_stm32l433xx.o(RESET) refers to stm32l4xx_it.o(i.BusFault_Handler) for BusFault_Handler
    startup_stm32l433xx.o(RESET) refers to stm32l4xx_it.o(i.UsageFault_Handler) for UsageFault_Handler
    startup_stm32l433xx.o(RESET) refers to stm32l4xx_it.o(i.SVC_Handler) for SVC_Handler
    startup_stm32l433xx.o(RESET) refers to stm32l4xx_it.o(i.DebugMon_Handler) for DebugMon_Handler
    startup_stm32l433xx.o(RESET) refers to stm32l4xx_it.o(i.PendSV_Handler) for PendSV_Handler
    startup_stm32l433xx.o(RESET) refers to stm32l4xx_it.o(i.SysTick_Handler) for SysTick_Handler
    startup_stm32l433xx.o(RESET) refers to stm32l4xx_it.o(i.EXTI1_IRQHandler) for EXTI1_IRQHandler
    startup_stm32l433xx.o(RESET) refers to stm32l4xx_it.o(i.USART1_IRQHandler) for USART1_IRQHandler
    startup_stm32l433xx.o(.text) refers (Special) to heapauxi.o(.text) for __use_two_region_memory
    startup_stm32l433xx.o(.text) refers to system_stm32l4xx.o(i.SystemInit) for SystemInit
    startup_stm32l433xx.o(.text) refers to __main.o(!!!main) for __main
    startup_stm32l433xx.o(.text) refers to startup_stm32l433xx.o(HEAP) for Heap_Mem
    startup_stm32l433xx.o(.text) refers to startup_stm32l433xx.o(STACK) for Stack_Mem
    main.o(i.HAL_GPIO_EXTI_Callback) refers to rt_memclr_w.o(.text) for __aeabi_memclr4
    main.o(i.HAL_GPIO_EXTI_Callback) refers to si4463.o(i.SI4463_GetInterrupts) for SI4463_GetInterrupts
    main.o(i.HAL_GPIO_EXTI_Callback) refers to si4463.o(i.SI4463_ClearTxFifo) for SI4463_ClearTxFifo
    main.o(i.HAL_GPIO_EXTI_Callback) refers to si4463.o(i.SI4463_StartRx) for SI4463_StartRx
    main.o(i.HAL_GPIO_EXTI_Callback) refers to stm32l4xx_hal_gpio.o(i.HAL_GPIO_TogglePin) for HAL_GPIO_TogglePin
    main.o(i.HAL_GPIO_EXTI_Callback) refers to si4463.o(i.SI4463_ReadRxFifo) for SI4463_ReadRxFifo
    main.o(i.HAL_GPIO_EXTI_Callback) refers to si4463.o(i.SI4463_ClearRxFifo) for SI4463_ClearRxFifo
    main.o(i.HAL_GPIO_EXTI_Callback) refers to si4463.o(i.SI4463_GetChipStatus) for SI4463_GetChipStatus
    main.o(i.HAL_GPIO_EXTI_Callback) refers to si4463.o(i.SI4463_ClearAllInterrupts) for SI4463_ClearAllInterrupts
    main.o(i.HAL_GPIO_EXTI_Callback) refers to main.o(.bss) for .bss
    main.o(i.MX_GPIO_Init) refers to rt_memclr_w.o(.text) for __aeabi_memclr4
    main.o(i.MX_GPIO_Init) refers to stm32l4xx_hal_gpio.o(i.HAL_GPIO_WritePin) for HAL_GPIO_WritePin
    main.o(i.MX_GPIO_Init) refers to stm32l4xx_hal_gpio.o(i.HAL_GPIO_Init) for HAL_GPIO_Init
    main.o(i.MX_GPIO_Init) refers to stm32l4xx_hal_cortex.o(i.HAL_NVIC_SetPriority) for HAL_NVIC_SetPriority
    main.o(i.MX_GPIO_Init) refers to stm32l4xx_hal_cortex.o(i.HAL_NVIC_EnableIRQ) for HAL_NVIC_EnableIRQ
    main.o(i.MX_I2C1_Init) refers to stm32l4xx_hal_i2c.o(i.HAL_I2C_Init) for HAL_I2C_Init
    main.o(i.MX_I2C1_Init) refers to stm32l4xx_hal_i2c_ex.o(i.HAL_I2CEx_ConfigAnalogFilter) for HAL_I2CEx_ConfigAnalogFilter
    main.o(i.MX_I2C1_Init) refers to stm32l4xx_hal_i2c_ex.o(i.HAL_I2CEx_ConfigDigitalFilter) for HAL_I2CEx_ConfigDigitalFilter
    main.o(i.MX_I2C1_Init) refers to main.o(.bss) for .bss
    main.o(i.MX_I2C2_Init) refers to stm32l4xx_hal_i2c.o(i.HAL_I2C_Init) for HAL_I2C_Init
    main.o(i.MX_I2C2_Init) refers to stm32l4xx_hal_i2c_ex.o(i.HAL_I2CEx_ConfigAnalogFilter) for HAL_I2CEx_ConfigAnalogFilter
    main.o(i.MX_I2C2_Init) refers to stm32l4xx_hal_i2c_ex.o(i.HAL_I2CEx_ConfigDigitalFilter) for HAL_I2CEx_ConfigDigitalFilter
    main.o(i.MX_I2C2_Init) refers to main.o(.bss) for .bss
    main.o(i.MX_SPI1_Init) refers to stm32l4xx_hal_spi.o(i.HAL_SPI_Init) for HAL_SPI_Init
    main.o(i.MX_SPI1_Init) refers to main.o(.bss) for .bss
    main.o(i.MX_USART1_UART_Init) refers to stm32l4xx_hal_uart.o(i.HAL_UART_Init) for HAL_UART_Init
    main.o(i.MX_USART1_UART_Init) refers to main.o(.bss) for .bss
    main.o(i.MX_USART2_UART_Init) refers to stm32l4xx_hal_uart.o(i.HAL_UART_Init) for HAL_UART_Init
    main.o(i.MX_USART2_UART_Init) refers to main.o(.bss) for .bss
[...]
    ../clib/memcpset.s                       0x00000000   Number         0  rt_memcpy_w.o ABSOLUTE
    ../clib/signal.c                         0x00000000   Number         0  defsig_rtmem_inner.o ABSOLUTE
    ../clib/signal.c                         0x00000000   Number         0  defsig_fpe_formal.o ABSOLUTE
    ../clib/signal.c                         0x00000000   Number         0  defsig_general.o ABSOLUTE
    ../clib/signal.c                         0x00000000   Number         0  defsig_fpe_inner.o ABSOLUTE
    ../clib/signal.c                         0x00000000   Number         0  defsig_fpe_outer.o ABSOLUTE
    ../clib/signal.c                         0x00000000   Number         0  defsig_exit.o ABSOLUTE
    ../clib/signal.c                         0x00000000   Number         0  defsig_abrt_inner.o ABSOLUTE
    ../clib/signal.c                         0x00000000   Number         0  defsig_rtred_inner.o ABSOLUTE
    ../clib/signal.c                         0x00000000   Number         0  defsig_stak_inner.o ABSOLUTE
    ../clib/signal.c                         0x00000000   Number         0  defsig_pvfn_inner.o ABSOLUTE
    ../clib/signal.c                         0x00000000   Number         0  defsig_cppl_inner.o ABSOLUTE
    ../clib/signal.c                         0x00000000   Number         0  defsig_rtmem_formal.o ABSOLUTE
    ../clib/signal.c                         0x00000000   Number         0  defsig_rtmem_outer.o ABSOLUTE
    ../clib/signal.c                         0x00000000   Number         0  defsig_segv_inner.o ABSOLUTE
    ../clib/signal.c                         0x00000000   Number         0  defsig_other.o ABSOLUTE
    ../clib/signal.c                         0x00000000   Number         0  __raise.o ABSOLUTE
    ../clib/signal.s                         0x00000000   Number         0  defsig.o ABSOLUTE
    ../clib/stdlib.c                         0x00000000   Number         0  exit.o ABSOLUTE
    ../clib/stdlib.c                         0x00000000   Number         0  rand.o ABSOLUTE
    ../clib/stdlib.c                         0x00000000   Number         0  rand.o ABSOLUTE
    ../fplib/fpinit.s                        0x00000000   Number         0  fpinit.o ABSOLUTE
    ..\Core\Src\main.c                       0x00000000   Number         0  main.o ABSOLUTE
    ..\Core\Src\stm32l4xx_hal_msp.c          0x00000000   Number         0  stm32l4xx_hal_msp.o ABSOLUTE
    ..\Core\Src\stm32l4xx_it.c               0x00000000   Number         0  stm32l4xx_it.o ABSOLUTE
    ..\Core\Src\system_stm32l4xx.c           0x00000000   Number         0  system_stm32l4xx.o ABSOLUTE
    ..\Drivers\STM32L4xx_HAL_Driver\Src\stm32l4xx_hal.c 0x00000000   Number         0  stm32l4xx_hal.o ABSOLUTE
    ..\Drivers\STM32L4xx_HAL_Driver\Src\stm32l4xx_hal_cortex.c 0x00000000   Number         0  stm32l4xx_hal_cortex.o ABSOLUTE
    ..\Drivers\STM32L4xx_HAL_Driver\Src\stm32l4xx_hal_dma.c 0x00000000   Number         0  stm32l4xx_hal_dma.o ABSOLUTE
    ..\Drivers\STM32L4xx_HAL_Driver\Src\stm32l4xx_hal_dma_ex.c 0x00000000   Number         0  stm32l4xx_hal_dma_ex.o ABSOLUTE
    ..\Drivers\STM32L4xx_HAL_Driver\Src\stm32l4xx_hal_exti.c 0x00000000   Number         0  stm32l4xx_hal_exti.o ABSOLUTE
    ..\Drivers\STM32L4xx_HAL_Driver\Src\stm32l4xx_hal_flash.c 0x00000000   Number         0  stm32l4xx_hal_flash.o ABSOLUTE
    ..\Drivers\STM32L4xx_HAL_Driver\Src\stm32l4xx_hal_flash_ex.c 0x00000000   Number         0  stm32l4xx_hal_flash_ex.o ABSOLUTE
    ..\Drivers\STM32L4xx_HAL_Driver\Src\stm32l4xx_hal_flash_ramfunc.c 0x00000000   Number         0  stm32l4xx_hal_flash_ramfunc.o ABSOLUTE
    ..\Drivers\STM32L4xx_HAL_Driver\Src\stm32l4xx_hal_gpio.c 0x00000000   Number         0  stm32l4xx_hal_gpio.o ABSOLUTE
    ..\Drivers\STM32L4xx_HAL_Driver\Src\stm32l4xx_hal_i2c.c 0x00000000   Number         0  stm32l4xx_hal_i2c.o ABSOLUTE
    ..\Drivers\STM32L4xx_HAL_Driver\Src\stm32l4xx_hal_i2c_ex.c 0x00000000   Number         0  stm32l4xx_hal_i2c_ex.o ABSOLUTE
    ..\Drivers\STM32L4xx_HAL_Driver\Src\stm32l4xx_hal_pcd.c 0x00000000   Number         0  stm32l4xx_hal_pcd.o ABSOLUTE
    ..\Drivers\STM32L4xx_HAL_Driver\Src\stm32l4xx_hal_pcd_ex.c 0x00000000   Number         0  stm32l4xx_hal_pcd_ex.o ABSOLUTE
    ..\Drivers\STM32L4xx_HAL_Driver\Src\stm32l4xx_hal_pwr.c 0x00000000   Number         0  stm32l4xx_hal_pwr.o ABSOLUTE
    ..\Drivers\STM32L4xx_HAL_Driver\Src\stm32l4xx_hal_pwr_ex.c 0x00000000   Number         0  stm32l4xx_hal_pwr_ex.o ABSOLUTE
    ..\Drivers\STM32L4xx_HAL_Driver\Src\stm32l4xx_hal_rcc.c 0x00000000   Number         0  stm32l4xx_hal_rcc.o ABSOLUTE
    ..\Drivers\STM32L4xx_HAL_Driver\Src\stm32l4xx_hal_rcc_ex.c 0x00000000   Number         0  stm32l4xx_hal_rcc_ex.o ABSOLUTE
    ..\Drivers\STM32L4xx_HAL_Driver\Src\stm32l4xx_hal_spi.c 0x00000000   Number         0  stm32l4xx_hal_spi.o ABSOLUTE
    ..\Drivers\STM32L4xx_HAL_Driver\Src\stm32l4xx_hal_spi_ex.c 0x00000000   Number         0  stm32l4xx_hal_spi_ex.o ABSOLUTE
    ..\Drivers\STM32L4xx_HAL_Driver\Src\stm32l4xx_hal_tim.c 0x00000000   Number         0  stm32l4xx_hal_tim.o ABSOLUTE
    ..\Drivers\STM32L4xx_HAL_Driver\Src\stm32l4xx_hal_tim_ex.c 0x00000000   Number         0  stm32l4xx_hal_tim_ex.o ABSOLUTE
    ..\Drivers\STM32L4xx_HAL_Driver\Src\stm32l4xx_hal_uart.c 0x00000000   Number         0  stm32l4xx_hal_uart.o ABSOLUTE
    ..\Drivers\STM32L4xx_HAL_Driver\Src\stm32l4xx_hal_uart_ex.c 0x00000000   Number         0  stm32l4xx_hal_uart_ex.o ABSOLUTE
    ..\Drivers\STM32L4xx_HAL_Driver\Src\stm32l4xx_ll_usb.c 0x00000000   Number         0  stm32l4xx_ll_usb.o ABSOLUTE
    ..\Drivers\si4463\Src\si4463.c           0x00000000   Number         0  si4463.o ABSOLUTE
    dc.s                                     0x00000000   Number         0  dc.o ABSOLUTE
    startup_stm32l433xx.s                    0x00000000   Number         0  startup_stm32l433xx.o ABSOLUTE
    RESET                                    0x08000000   Section      396  startup_stm32l433xx.o(RESET)
    !!!main                                  0x0800018c   Section        8  __main.o(!!!main)
    !!!scatter                               0x08000194   Section       52  __scatter.o(!!!scatter)
    !!handler_copy                           0x080001c8   Section       26  __scatter_copy.o(!!handler_copy)
    !!handler_zi                             0x080001e4   Section       28  __scatter_zi.o(!!handler_zi)
    .ARM.Collect$$libinit$$00000000          0x08000200   Section        2  libinit.o(.ARM.Collect$$libinit$$00000000)
    .ARM.Collect$$libinit$$00000001          0x08000202   Section        4  libinit2.o(.ARM.Collect$$libinit$$00000001)
    .ARM.Collect$$libinit$$00000004          0x08000206   Section        0  libinit2.o(.ARM.Collect$$libinit$$00000004)
    .ARM.Collect$$libinit$$00000005          0x08000206   Section        8  libinit2.o(.ARM.Collect$$libinit$$00000005)
    .ARM.Collect$$libinit$$0000000A          0x0800020e   Section        0  libinit2.o(.ARM.Collect$$libinit$$0000000A)
    .ARM.Collect$$libinit$$0000000C          0x0800020e   Section        0  libinit2.o(.ARM.Collect$$libinit$$0000000C)
    .ARM.Collect$$libinit$$0000000D          0x0800020e   Section        4  libinit2.o(.ARM.Collect$$libinit$$0000000D)
    .ARM.Collect$$libinit$$0000000E          0x08000212   Section        0  libinit2.o(.ARM.Collect$$libinit$$0000000E)
    .ARM.Collect$$libinit$$00000011          0x08000212   Section        0  libinit2.o(.ARM.Collect$$libinit$$00000011)
    .ARM.Collect$$libinit$$00000013          0x08000212   Section        0  libinit2.o(.ARM.Collect$$libinit$$00000013)
    .ARM.Collect$$libinit$$00000015          0x08000212   Section        0  libinit2.o(.ARM.Collect$$libinit$$00000015)
    .ARM.Collect$$libinit$$00000017          0x08000212   Section        0  libinit2.o(.ARM.Collect$$libinit$$00000017)
    .ARM.Collect$$libinit$$00000019          0x08000212   Section        0  libinit2.o(.ARM.Collect$$libinit$$00000019)
    .ARM.Collect$$libinit$$0000001B          0x08000212   Section        0  libinit2.o(.ARM.Collect$$libinit$$0000001B)
    .ARM.Collect$$libinit$$0000001D          0x08000212   Section        0  libinit2.o(.ARM.Collect$$libinit$$0000001D)
    .ARM.Collect$$libinit$$0000001F          0x08000212   Section        0  libinit2.o(.ARM.Collect$$libinit$$0000001F)
    .ARM.Collect$$libinit$$00000021          0x08000212   Section        0  libinit2.o(.ARM.Collect$$libinit$$00000021)
    .ARM.Collect$$libinit$$00000023          0x08000212   Section        0  libinit2.o(.ARM.Collect$$libinit$$00000023)
    .ARM.Collect$$libinit$$00000025          0x08000212   Section        0  libinit2.o(.ARM.Collect$$libinit$$00000025)
    .ARM.Collect$$libinit$$0000002C          0x08000212   Section        0  libinit2.o(.ARM.Collect$$libinit$$0000002C)
    .ARM.Collect$$libinit$$0000002E          0x08000212   Section        0  libinit2.o(.ARM.Collect$$libinit$$0000002E)
    .ARM.Collect$$libinit$$00000030          0x08000212   Section        0  libinit2.o(.ARM.Collect$$libinit$$00000030)
    .ARM.Collect$$libinit$$00000032          0x08000212   Section        0  libinit2.o(.ARM.Collect$$libinit$$00000032)
    .ARM.Collect$$libinit$$00000033          0x08000212   Section        2  libinit2.o(.ARM.Collect$$libinit$$00000033)
    .ARM.Collect$$libshutdown$$00000000      0x08000214   Section        2  libshutdown.o(.ARM.Collect$$libshutdown$$00000000)
    .ARM.Collect$$libshutdown$$00000002      0x08000216   Section        0  libshutdown2.o(.ARM.Collect$$libshutdown$$00000002)
    .ARM.Collect$$libshutdown$$00000004      0x08000216   Section        0  libshutdown2.o(.ARM.Collect$$libshutdown$$00000004)
    .ARM.Collect$$libshutdown$$00000006      0x08000216   Section        0  libshutdown2.o(.ARM.Collect$$libshutdown$$00000006)
    .ARM.Collect$$libshutdown$$00000009      0x08000216   Section        0  libshutdown2.o(.ARM.Collect$$libshutdown$$00000009)
    .ARM.Collect$$libshutdown$$0000000C      0x08000216   Section        0  libshutdown2.o(.ARM.Collect$$libshutdown$$0000000C)
    .ARM.Collect$$libshutdown$$0000000E      0x08000216   Section        0  libshutdown2.o(.ARM.Collect$$libshutdown$$0000000E)
    .ARM.Collect$$libshutdown$$00000011      0x08000216   Section        0  libshutdown2.o(.ARM.Collect$$libshutdown$$00000011)
    .ARM.Collect$$libshutdown$$00000012      0x08000216   Section        2  libshutdown2.o(.ARM.Collect$$libshutdown$$00000012)
    .ARM.Collect$$rtentry$$00000000          0x08000218   Section        0  __rtentry.o(.ARM.Collect$$rtentry$$00000000)
    .ARM.Collect$$rtentry$$00000002          0x08000218   Section        0  __rtentry2.o(.ARM.Collect$$rtentry$$00000002)
    .ARM.Collect$$rtentry$$00000004          0x08000218   Section        6  __rtentry4.o(.ARM.Collect$$rtentry$$00000004)
    .ARM.Collect$$rtentry$$00000009          0x0800021e   Section        0  __rtentry2.o(.ARM.Collect$$rtentry$$00000009)
    .ARM.Collect$$rtentry$$0000000A          0x0800021e   Section        4  __rtentry2.o(.ARM.Collect$$rtentry$$0000000A)
    .ARM.Collect$$rtentry$$0000000C          0x08000222   Section        0  __rtentry2.o(.ARM.Collect$$rtentry$$0000000C)
    .ARM.Collect$$rtentry$$0000000D          0x08000222   Section        8  __rtentry2.o(.ARM.Collect$$rtentry$$0000000D)
    .ARM.Collect$$rtexit$$00000000           0x0800022a   Section        2  rtexit.o(.ARM.Collect$$rtexit$$00000000)
    .ARM.Collect$$rtexit$$00000002           0x0800022c   Section        0  rtexit2.o(.ARM.Collect$$rtexit$$00000002)
    .ARM.Collect$$rtexit$$00000003           0x0800022c   Section        4  rtexit2.o(.ARM.Collect$$rtexit$$00000003)
    .ARM.Collect$$rtexit$$00000004           0x08000230   Section        6  rtexit2.o(.ARM.Collect$$rtexit$$00000004)
    .emb_text                                0x08000238   Section       52  rand.o(.emb_text)
    .emb_text                                0x0800026c   Section        0  maybetermalloc1.o(.emb_text)
    .text                                    0x0800026c   Section       64  startup_stm32l433xx.o(.text)
    $v0                                      0x0800026c   Number         0  startup_stm32l433xx.o(.text)
    .text                                    0x080002ac   Section        0  h1_alloc.o(.text)
    .text                                    0x0800030a   Section        0  h1_free.o(.text)
    .text                                    0x08000358   Section      238  lludivv7m.o(.text)
    .text                                    0x08000448   Section        0  rand.o(.text)
    .text                                    0x08000484   Section      138  rt_memcpy_v6.o(.text)
    .text                                    0x0800050e   Section      100  rt_memcpy_w.o(.text)
    .text                                    0x08000572   Section       68  rt_memclr.o(.text)
    .text                                    0x080005b6   Section       78  rt_memclr_w.o(.text)
    .text                                    0x08000604   Section        0  heapauxi.o(.text)
    .text                                    0x0800060c   Section        8  rt_heap_descriptor_intlibspace.o(.text)
    .text                                    0x08000614   Section        0  hguard.o(.text)
    .text                                    0x08000618   Section        0  init_alloc.o(.text)
    .text                                    0x080006a2   Section        0  h1_init.o(.text)
    .text                                    0x080006b0   Section        8  libspace.o(.text)
    .text                                    0x080006b8   Section        0  h1_extend.o(.text)
    .text                                    0x080006ec   Section        0  defsig_rtmem_outer.o(.text)
    .text                                    0x080006fa   Section        2  use_no_semi.o(.text)
    .text                                    0x080006fc   Section        0  indicate_semi.o(.text)
    .text                                    0x080006fc   Section       74  sys_stackheap_outer.o(.text)
    .text                                    0x08000746   Section        0  exit.o(.text)
    .text                                    0x08000758   Section        0  defsig_exit.o(.text)
    .text                                    0x08000764   Section        0  defsig_rtmem_inner.o(.text)
    .text                                    0x080007b4   Section        0  sys_exit.o(.text)
    .text                                    0x080007c0   Section        0  defsig_general.o(.text)
    .text                                    0x080007f2   Section        0  sys_wrch.o(.text)
    i.BusFault_Handler                       0x08000800   Section        0  stm32l4xx_it.o(i.BusFault_Handler)
    i.DebugMon_Handler                       0x08000802   Section        0  stm32l4xx_it.o(i.DebugMon_Handler)
    i.EXTI1_IRQHandler                       0x08000804   Section        0  stm32l4xx_it.o(i.EXTI1_IRQHandler)
    i.Error_Handler                          0x0800080a   Section        0  main.o(i.Error_Handler)
    i.HAL_DMA_Abort                          0x0800080e   Section        0  stm32l4xx_hal_dma.o(i.HAL_DMA_Abort)
    i.HAL_DMA_Abort_IT                       0x08000858   Section        0  stm32l4xx_hal_dma.o(i.HAL_DMA_Abort_IT)
    i.HAL_Delay                              0x080008a8   Section        0  stm32l4xx_hal.o(i.HAL_Delay)
    i.HAL_GPIO_EXTI_Callback                 0x080008cc   Section        0  main.o(i.HAL_GPIO_EXTI_Callback)
    i.HAL_GPIO_EXTI_IRQHandler               0x08000a4c   Section        0  stm32l4xx_hal_gpio.o(i.HAL_GPIO_EXTI_IRQHandler)
    i.HAL_GPIO_Init                          0x08000a64   Section        0  stm32l4xx_hal_gpio.o(i.HAL_GPIO_Init)
    i.HAL_GPIO_ReadPin                       0x08000c3a   Section        0  stm32l4xx_hal_gpio.o(i.HAL_GPIO_ReadPin)
    i.HAL_GPIO_TogglePin                     0x08000c44   Section        0  stm32l4xx_hal_gpio.o(i.HAL_GPIO_TogglePin)
    i.HAL_GPIO_WritePin                      0x08000c54   Section        0  stm32l4xx_hal_gpio.o(i.HAL_GPIO_WritePin)
    i.HAL_GetTick                            0x08000c60   Section        0  stm32l4xx_hal.o(i.HAL_GetTick)
    i.HAL_I2CEx_ConfigAnalogFilter           0x08000c6c   Section        0  stm32l4xx_hal_i2c_ex.o(i.HAL_I2CEx_ConfigAnalogFilter)
    i.HAL_I2CEx_ConfigDigitalFilter          0x08000cc2   Section        0  stm32l4xx_hal_i2c_ex.o(i.HAL_I2CEx_ConfigDigitalFilter)
    i.HAL_I2C_Init                           0x08000d14   Section        0  stm32l4xx_hal_i2c.o(i.HAL_I2C_Init)
    i.HAL_I2C_MspInit                        0x08000dcc   Section        0  stm32l4xx_hal_msp.o(i.HAL_I2C_MspInit)
    i.HAL_IncTick                            0x08000ea8   Section        0  stm32l4xx_hal.o(i.HAL_IncTick)
    i.HAL_Init                               0x08000eb8   Section        0  stm32l4xx_hal.o(i.HAL_Init)
    i.HAL_InitTick                           0x08000ee4   Section        0  stm32l4xx_hal.o(i.HAL_InitTick)
    i.HAL_MspInit                            0x08000f28   Section        0  stm32l4xx_hal_msp.o(i.HAL_MspInit)
    i.HAL_NVIC_DisableIRQ                    0x08000f54   Section        0  stm32l4xx_hal_cortex.o(i.HAL_NVIC_DisableIRQ)
    i.HAL_NVIC_EnableIRQ                     0x08000f76   Section        0  stm32l4xx_hal_cortex.o(i.HAL_NVIC_EnableIRQ)
    i.HAL_NVIC_SetPriority                   0x08000f90   Section        0  stm32l4xx_hal_cortex.o(i.HAL_NVIC_SetPriority)
    i.HAL_NVIC_SetPriorityGrouping           0x08000fd0   Section        0  stm32l4xx_hal_cortex.o(i.HAL_NVIC_SetPriorityGrouping)
    i.HAL_PCDEx_ActivateLPM                  0x08000ff4   Section        0  stm32l4xx_hal_pcd_ex.o(i.HAL_PCDEx_ActivateLPM)
    i.HAL_PCD_Init                           0x08001018   Section        0  stm32l4xx_hal_pcd.o(i.HAL_PCD_Init)
    i.HAL_PCD_MspInit                        0x08001100   Section        0  stm32l4xx_hal_msp.o(i.HAL_PCD_MspInit)
    i.HAL_PWREx_ControlVoltageScaling        0x08001148   Section        0  stm32l4xx_hal_pwr_ex.o(i.HAL_PWREx_ControlVoltageScaling)
    i.HAL_PWREx_GetVoltageRange              0x080011b0   Section        0  stm32l4xx_hal_pwr_ex.o(i.HAL_PWREx_GetVoltageRange)
    i.HAL_RCCEx_PeriphCLKConfig              0x080011c0   Section        0  stm32l4xx_hal_rcc_ex.o(i.HAL_RCCEx_PeriphCLKConfig)
    i.HAL_RCC_ClockConfig                    0x080014b0   Section        0  stm32l4xx_hal_rcc.o(i.HAL_RCC_ClockConfig)
    i.HAL_RCC_GetPCLK1Freq                   0x080015f4   Section        0  stm32l4xx_hal_rcc.o(i.HAL_RCC_GetPCLK1Freq)
    i.HAL_RCC_GetPCLK2Freq                   0x08001618   Section        0  stm32l4xx_hal_rcc.o(i.HAL_RCC_GetPCLK2Freq)
    i.HAL_RCC_GetSysClockFreq                0x0800163c   Section        0  stm32l4xx_hal_rcc.o(i.HAL_RCC_GetSysClockFreq)
    i.HAL_RCC_OscConfig                      0x080016e0   Section        0  stm32l4xx_hal_rcc.o(i.HAL_RCC_OscConfig)
    i.HAL_SPI_Init                           0x08001c40   Section        0  stm32l4xx_hal_spi.o(i.HAL_SPI_Init)
    i.HAL_SPI_MspInit                        0x08001d20   Section        0  stm32l4xx_hal_msp.o(i.HAL_SPI_MspInit)
    i.HAL_SPI_TransmitReceive                0x08001da4   Section        0  stm32l4xx_hal_spi.o(i.HAL_SPI_TransmitReceive)
    i.HAL_SYSTICK_Config                     0x0800200c   Section        0  stm32l4xx_hal_cortex.o(i.HAL_SYSTICK_Config)
    i.HAL_UARTEx_RxEventCallback             0x08002034   Section        0  stm32l4xx_hal_uart.o(i.HAL_UARTEx_RxEventCallback)
    i.HAL_UARTEx_WakeupCallback              0x08002036   Section        0  stm32l4xx_hal_uart_ex.o(i.HAL_UARTEx_WakeupCallback)
    i.HAL_UART_ErrorCallback                 0x08002038   Section        0  stm32l4xx_hal_uart.o(i.HAL_UART_ErrorCallback)
    i.HAL_UART_IRQHandler                    0x0800203c   Section        0  stm32l4xx_hal_uart.o(i.HAL_UART_IRQHandler)
    i.HAL_UART_Init                          0x080022d0   Section        0  stm32l4xx_hal_uart.o(i.HAL_UART_Init)
    i.HAL_UART_MspInit                       0x08002338   Section        0  stm32l4xx_hal_msp.o(i.HAL_UART_MspInit)
    i.HAL_UART_TxCpltCallback                0x08002420   Section        0  stm32l4xx_hal_uart.o(i.HAL_UART_TxCpltCallback)
    i.HardFault_Handler                      0x08002422   Section        0  stm32l4xx_it.o(i.HardFault_Handler)
    i.MX_GPIO_Init                           0x08002424   Section        0  main.o(i.MX_GPIO_Init)
    MX_GPIO_Init                             0x08002425   Thumb Code   252  main.o(i.MX_GPIO_Init)
    i.MX_I2C1_Init                           0x0800252c   Section        0  main.o(i.MX_I2C1_Init)
    MX_I2C1_Init                             0x0800252d   Thumb Code    72  main.o(i.MX_I2C1_Init)
    i.MX_I2C2_Init                           0x08002580   Section        0  main.o(i.MX_I2C2_Init)
    MX_I2C2_Init                             0x08002581   Thumb Code    72  main.o(i.MX_I2C2_Init)
    i.MX_SPI1_Init                           0x080025d4   Section        0  main.o(i.MX_SPI1_Init)
    MX_SPI1_Init                             0x080025d5   Thumb Code    68  main.o(i.MX_SPI1_Init)
    i.MX_USART1_UART_Init                    0x08002620   Section        0  main.o(i.MX_USART1_UART_Init)
    MX_USART1_UART_Init                      0x08002621   Thumb Code    48  main.o(i.MX_USART1_UART_Init)
    i.MX_USART2_UART_Init                    0x08002658   Section        0  main.o(i.MX_USART2_UART_Init)
    MX_USART2_UART_Init                      0x08002659   Thumb Code    48  main.o(i.MX_USART2_UART_Init)
    i.MemManage_Handler                      0x08002690   Section        0  stm32l4xx_it.o(i.MemManage_Handler)
    i.NMI_Handler                            0x08002692   Section        0  stm32l4xx_it.o(i.NMI_Handler)
    i.PendSV_Handler                         0x08002694   Section        0  stm32l4xx_it.o(i.PendSV_Handler)
    i.RCCEx_PLLSAI1_Config                   0x08002698   Section        0  stm32l4xx_hal_rcc_ex.o(i.RCCEx_PLLSAI1_Config)
    RCCEx_PLLSAI1_Config                     0x08002699   Thumb Code   278  stm32l4xx_hal_rcc_ex.o(i.RCCEx_PLLSAI1_Config)
    i.RCC_SetFlashLatencyFromMSIRange        0x080027c4   Section        0  stm32l4xx_hal_rcc.o(i.RCC_SetFlashLatencyFromMSIRange)
    RCC_SetFlashLatencyFromMSIRange          0x080027c5   Thumb Code   116  stm32l4xx_hal_rcc.o(i.RCC_SetFlashLatencyFromMSIRange)
    i.SI4463_ClearAllInterrupts              0x08002840   Section        0  si4463.o(i.SI4463_ClearAllInterrupts)
    i.SI4463_ClearChipStatus                 0x08002858   Section        0  si4463.o(i.SI4463_ClearChipStatus)
    i.SI4463_ClearInterrupts                 0x08002890   Section        0  si4463.o(i.SI4463_ClearInterrupts)
    i.SI4463_ClearRxFifo                     0x080028c8   Section        0  si4463.o(i.SI4463_ClearRxFifo)
    i.SI4463_ClearShutdown                   0x080028e0   Section        0  main.o(i.SI4463_ClearShutdown)
    i.SI4463_ClearTxFifo                     0x080028f0   Section        0  si4463.o(i.SI4463_ClearTxFifo)
    i.SI4463_Deselect                        0x08002908   Section        0  main.o(i.SI4463_Deselect)
    i.SI4463_GetChipStatus                   0x08002914   Section        0  si4463.o(i.SI4463_GetChipStatus)
    i.SI4463_GetInterrupts                   0x0800296c   Section        0  si4463.o(i.SI4463_GetInterrupts)
    i.SI4463_GetSwCts                        0x08002a3c   Section        0  si4463.o(i.SI4463_GetSwCts)
    i.SI4463_GetTxFifoRemainBytes            0x08002a68   Section        0  si4463.o(i.SI4463_GetTxFifoRemainBytes)
    i.SI4463_Init                            0x08002aa8   Section        0  si4463.o(i.SI4463_Init)
    i.SI4463_IsCTS                           0x08002b24   Section        0  main.o(i.SI4463_IsCTS)
    i.SI4463_ReadCommandBuffer               0x08002b3c   Section        0  si4463.o(i.SI4463_ReadCommandBuffer)
    i.SI4463_ReadRxFifo                      0x08002b8e   Section        0  si4463.o(i.SI4463_ReadRxFifo)
    i.SI4463_Reset                           0x08002c12   Section        0  si4463.o(i.SI4463_Reset)
    i.SI4463_Select                          0x08002c42   Section        0  main.o(i.SI4463_Select)
    i.SI4463_SendCommand                     0x08002c4e   Section        0  si4463.o(i.SI4463_SendCommand)
    i.SI4463_SendNop                         0x08002c98   Section        0  si4463.o(i.SI4463_SendNop)
    i.SI4463_SetShutdown                     0x08002cb8   Section        0  main.o(i.SI4463_SetShutdown)
    i.SI4463_StartRx                         0x08002cc8   Section        0  si4463.o(i.SI4463_StartRx)
    i.SI4463_StartTx                         0x08002d14   Section        0  si4463.o(i.SI4463_StartTx)
    i.SI4463_Transmit                        0x08002d74   Section        0  si4463.o(i.SI4463_Transmit)
    i.SI4463_WaitCTS                         0x08002db6   Section        0  si4463.o(i.SI4463_WaitCTS)
    i.SI4463_WaitSwCTS                       0x08002dee   Section        0  si4463.o(i.SI4463_WaitSwCTS)
    i.SI4463_WriteRead                       0x08002e1c   Section        0  main.o(i.SI4463_WriteRead)
    i.SI4463_WriteTxFifo                     0x08002e34   Section        0  si4463.o(i.SI4463_WriteTxFifo)
    i.SPI_EndRxTxTransaction                 0x08002e74   Section        0  stm32l4xx_hal_spi.o(i.SPI_EndRxTxTransaction)
    SPI_EndRxTxTransaction                   0x08002e75   Thumb Code    72  stm32l4xx_hal_spi.o(i.SPI_EndRxTxTransaction)
    i.SPI_WaitFifoStateUntilTimeout          0x08002ebc   Section        0  stm32l4xx_hal_spi.o(i.SPI_WaitFifoStateUntilTimeout)
    SPI_WaitFifoStateUntilTimeout            0x08002ebd   Thumb Code   218  stm32l4xx_hal_spi.o(i.SPI_WaitFifoStateUntilTimeout)
    i.SPI_WaitFlagStateUntilTimeout          0x08002fa4   Section        0  stm32l4xx_hal_spi.o(i.SPI_WaitFlagStateUntilTimeout)
    SPI_WaitFlagStateUntilTimeout            0x08002fa5   Thumb Code   180  stm32l4xx_hal_spi.o(i.SPI_WaitFlagStateUntilTimeout)
    i.SVC_Handler                            0x0800305c   Section        0  stm32l4xx_it.o(i.SVC_Handler)
    i.SysTick_Handler                        0x0800305e   Section        0  stm32l4xx_it.o(i.SysTick_Handler)
    i.SystemClock_Config                     0x08003062   Section        0  main.o(i.SystemClock_Config)
    i.SystemInit                             0x080030dc   Section        0  system_stm32l4xx.o(i.SystemInit)
    i.UART_AdvFeatureConfig                  0x080030ec   Section        0  stm32l4xx_hal_uart.o(i.UART_AdvFeatureConfig)
    i.UART_CheckIdleState                    0x080031b4   Section        0  stm32l4xx_hal_uart.o(i.UART_CheckIdleState)
    i.UART_DMAAbortOnError                   0x08003210   Section        0  stm32l4xx_hal_uart.o(i.UART_DMAAbortOnError)
    UART_DMAAbortOnError                     0x08003211   Thumb Code    20  stm32l4xx_hal_uart.o(i.UART_DMAAbortOnError)
    i.UART_EndRxTransfer                     0x08003224   Section        0  stm32l4xx_hal_uart.o(i.UART_EndRxTransfer)
    UART_EndRxTransfer                       0x08003225   Thumb Code    74  stm32l4xx_hal_uart.o(i.UART_EndRxTransfer)
    i.UART_SetConfig                         0x08003270   Section        0  stm32l4xx_hal_uart.o(i.UART_SetConfig)
    i.UART_WaitOnFlagUntilTimeout            0x08003470   Section        0  stm32l4xx_hal_uart.o(i.UART_WaitOnFlagUntilTimeout)
    i.USART1_IRQHandler                      0x08003538   Section        0  stm32l4xx_it.o(i.USART1_IRQHandler)
    i.USB_CoreInit                           0x08003544   Section        0  stm32l4xx_ll_usb.o(i.USB_CoreInit)
    i.USB_DevDisconnect                      0x08003548   Section        0  stm32l4xx_ll_usb.o(i.USB_DevDisconnect)
    i.USB_DevInit                            0x08003556   Section        0  stm32l4xx_ll_usb.o(i.USB_DevInit)
    i.USB_DisableGlobalInt                   0x08003568   Section        0  stm32l4xx_ll_usb.o(i.USB_DisableGlobalInt)
    i.USB_SetCurrentMode                     0x08003578   Section        0  stm32l4xx_ll_usb.o(i.USB_SetCurrentMode)
    i.UsageFault_Handler                     0x0800357c   Section        0  stm32l4xx_it.o(i.UsageFault_Handler)
    i.__NVIC_SetPriority                     0x0800357e   Section        0  stm32l4xx_hal_cortex.o(i.__NVIC_SetPriority)
    __NVIC_SetPriority                       0x0800357f   Thumb Code    32  stm32l4xx_hal_cortex.o(i.__NVIC_SetPriority)
    i.main                                   0x080035a0   Section        0  main.o(i.main)
    x$fpl$fpinit                             0x080036a4   Section       10  fpinit.o(x$fpl$fpinit)
    $v0                                      0x080036a4   Number         0  fpinit.o(x$fpl$fpinit)
    .constdata                               0x080036b0   Section       64  system_stm32l4xx.o(.constdata)
    .constdata                               0x080036f0   Section        8  system_stm32l4xx.o(.constdata)
    .constdata                               0x080036f8   Section      366  si4463.o(.constdata)
    .data                                    0x20000000   Section       12  stm32l4xx_hal.o(.data)
    .data                                    0x2000000c   Section        4  system_stm32l4xx.o(.data)
    .bss                                     0x20000010   Section     1368  main.o(.bss)
    .bss                                     0x20000568   Section      228  rand.o(.bss)
    .bss                                     0x2000064c   Section       96  libspace.o(.bss)
    HEAP                                     0x200006b0   Section      512  startup_stm32l433xx.o(HEAP)
    Heap_Mem                                 0x200006b0   Data         512  startup_stm32l433xx.o(HEAP)
    STACK                                    0x200008b0   Section     1024  startup_stm32l433xx.o(STACK)
    Stack_Mem                                0x200008b0   Data        1024  startup_stm32l433xx.o(STACK)
    __initial_sp                             0x20000cb0   Data           0  startup_stm32l433xx.o(STACK)

    Global Symbols

    Symbol Name                              Value     Ov Type        Size  Object(Section)

    BuildAttributes$$THM_ISAv4$E$P$D$K$B$S$7EM$VFPi3$EXTD16$VFPS$VFMA$PE$A:L22UL41UL21$X:L11$S22US41US21$IEEE1$IW$USESV6$~STKCKD$USESV7$~SHL$OTIME$ROPI$EBA8$UX$STANDARDLIB$REQ8$PRES8$EABIv2 0x00000000   Number         0  anon$$obj.o ABSOLUTE
    __ARM_use_no_argv                        0x00000000   Number         0  main.o ABSOLUTE
    __ARM_exceptions_init                     - Undefined Weak Reference
    __alloca_initialize                       - Undefined Weak Reference
    __arm_fini_                               - Undefined Weak Reference
    __arm_preinit_                            - Undefined Weak Reference
    __cpp_initialize__aeabi_                  - Undefined Weak Reference
    __cxa_finalize                            - Undefined Weak Reference
    __rt_locale                               - Undefined Weak Reference
    __sigvec_lookup                           - Undefined Weak Reference
    __user_heap_extent                        - Undefined Weak Reference
    _atexit_init                              - Undefined Weak Reference
    _call_atexit_fns                          - Undefined Weak Reference
    _clock_init                               - Undefined Weak Reference
    _fp_trap_init                             - Undefined Weak Reference
    _fp_trap_shutdown                         - Undefined Weak Reference
    _get_lc_collate                           - Undefined Weak Reference
    _get_lc_ctype                             - Undefined Weak Reference
    _get_lc_monetary                          - Undefined Weak Reference
    _get_lc_numeric                           - Undefined Weak Reference
    _get_lc_time                              - Undefined Weak Reference
    _getenv_init                              - Undefined Weak Reference
    _handle_redirection                       - Undefined Weak Reference
    _initio                                   - Undefined Weak Reference
    _mutex_acquire                            - Undefined Weak Reference
    _mutex_free                               - Undefined Weak Reference
    _mutex_release                            - Undefined Weak Reference
    _signal_finish                            - Undefined Weak Reference
    _signal_init                              - Undefined Weak Reference
    _terminateio                              - Undefined Weak Reference
    __Vectors_Size                           0x0000018c   Number         0  startup_stm32l433xx.o ABSOLUTE
    __Vectors                                0x08000000   Data           4  startup_stm32l433xx.o(RESET)
    __Vectors_End                            0x0800018c   Data           0  startup_stm32l433xx.o(RESET)
    __main                                   0x0800018d   Thumb Code     8  __main.o(!!!main)
    __scatterload                            0x08000195   Thumb Code     0  __scatter.o(!!!scatter)
    __scatterload_rt2                        0x08000195   Thumb Code    44  __scatter.o(!!!scatter)
    __scatterload_rt2_thumb_only             0x08000195   Thumb Code     0  __scatter.o(!!!scatter)
    __scatterload_null                       0x080001a3   Thumb Code     0  __scatter.o(!!!scatter)
    __scatterload_copy                       0x080001c9   Thumb Code    26  __scatter_copy.o(!!handler_copy)
    __scatterload_zeroinit                   0x080001e5   Thumb Code    28  __scatter_zi.o(!!handler_zi)
    __rt_lib_init                            0x08000201   Thumb Code     0  libinit.o(.ARM.Collect$$libinit$$00000000)
    __rt_lib_init_fp_1                       0x08000203   Thumb Code     0  libinit2.o(.ARM.Collect$$libinit$$00000001)
    __rt_lib_init_heap_2                     0x08000207   Thumb Code     0  libinit2.o(.ARM.Collect$$libinit$$00000005)
    __rt_lib_init_preinit_1                  0x08000207   Thumb Code     0  libinit2.o(.ARM.Collect$$libinit$$00000004)
    __rt_lib_init_heap_1                     0x0800020f   Thumb Code     0  libinit2.o(.ARM.Collect$$libinit$$0000000A)
    __rt_lib_init_rand_2                     0x0800020f   Thumb Code     0  libinit2.o(.ARM.Collect$$libinit$$0000000D)
    __rt_lib_init_user_alloc_1               0x0800020f   Thumb Code     0  libinit2.o(.ARM.Collect$$libinit$$0000000C)
    __rt_lib_init_alloca_1                   0x08000213   Thumb Code     0  libinit2.o(.ARM.Collect$$libinit$$0000002E)
    __rt_lib_init_argv_1                     0x08000213   Thumb Code     0  libinit2.o(.ARM.Collect$$libinit$$0000002C)
    __rt_lib_init_atexit_1                   0x08000213   Thumb Code     0  libinit2.o(.ARM.Collect$$libinit$$0000001B)
    __rt_lib_init_clock_1                    0x08000213   Thumb Code     0  libinit2.o(.ARM.Collect$$libinit$$00000021)
    __rt_lib_init_cpp_1                      0x08000213   Thumb Code     0  libinit2.o(.ARM.Collect$$libinit$$00000032)
    __rt_lib_init_exceptions_1               0x08000213   Thumb Code     0  libinit2.o(.ARM.Collect$$libinit$$00000030)
    __rt_lib_init_fp_trap_1                  0x08000213   Thumb Code     0  libinit2.o(.ARM.Collect$$libinit$$0000001F)
    __rt_lib_init_getenv_1                   0x08000213   Thumb Code     0  libinit2.o(.ARM.Collect$$libinit$$00000023)
    __rt_lib_init_lc_collate_1               0x08000213   Thumb Code     0  libinit2.o(.ARM.Collect$$libinit$$00000011)
    __rt_lib_init_lc_ctype_1                 0x08000213   Thumb Code     0  libinit2.o(.ARM.Collect$$libinit$$00000013)
    __rt_lib_init_lc_monetary_1              0x08000213   Thumb Code     0  libinit2.o(.ARM.Collect$$libinit$$00000015)
    __rt_lib_init_lc_numeric_1               0x08000213   Thumb Code     0  libinit2.o(.ARM.Collect$$libinit$$00000017)
    __rt_lib_init_lc_time_1                  0x08000213   Thumb Code     0  libinit2.o(.ARM.Collect$$libinit$$00000019)
    __rt_lib_init_rand_1                     0x08000213   Thumb Code     0  libinit2.o(.ARM.Collect$$libinit$$0000000E)
    __rt_lib_init_return                     0x08000213   Thumb Code     0  libinit2.o(.ARM.Collect$$libinit$$00000033)
    __rt_lib_init_signal_1                   0x08000213   Thumb Code     0  libinit2.o(.ARM.Collect$$libinit$$0000001D)
    __rt_lib_init_stdio_1                    0x08000213   Thumb Code     0  libinit2.o(.ARM.Collect$$libinit$$00000025)
    __rt_lib_shutdown                        0x08000215   Thumb Code     0  libshutdown.o(.ARM.Collect$$libshutdown$$00000000)
    __rt_lib_shutdown_cpp_1                  0x08000217   Thumb Code     0  libshutdown2.o(.ARM.Collect$$libshutdown$$00000004)
    __rt_lib_shutdown_fini_1                 0x08000217   Thumb Code     0  libshutdown2.o(.ARM.Collect$$libshutdown$$00000002)
    __rt_lib_shutdown_fp_trap_1              0x08000217   Thumb Code     0  libshutdown2.o(.ARM.Collect$$libshutdown$$00000009)
    __rt_lib_shutdown_heap_1                 0x08000217   Thumb Code     0  libshutdown2.o(.ARM.Collect$$libshutdown$$00000011)
    __rt_lib_shutdown_return                 0x08000217   Thumb Code     0  libshutdown2.o(.ARM.Collect$$libshutdown$$00000012)
    __rt_lib_shutdown_signal_1               0x08000217   Thumb Code     0  libshutdown2.o(.ARM.Collect$$libshutdown$$0000000C)
    __rt_lib_shutdown_stdio_1                0x08000217   Thumb Code     0  libshutdown2.o(.ARM.Collect$$libshutdown$$00000006)
    __rt_lib_shutdown_user_alloc_1           0x08000217   Thumb Code     0  libshutdown2.o(.ARM.Collect$$libshutdown$$0000000E)
    __rt_entry                               0x08000219   Thumb Code     0  __rtentry.o(.ARM.Collect$$rtentry$$00000000)
    __rt_entry_presh_1                       0x08000219   Thumb Code     0  __rtentry2.o(.ARM.Collect$$rtentry$$00000002)
    __rt_entry_sh                            0x08000219   Thumb Code     0  __rtentry4.o(.ARM.Collect$$rtentry$$00000004)
    __rt_entry_li                            0x0800021f   Thumb Code     0  __rtentry2.o(.ARM.Collect$$rtentry$$0000000A)
    __rt_entry_postsh_1                      0x0800021f   Thumb Code     0  __rtentry2.o(.ARM.Collect$$rtentry$$00000009)
    __rt_entry_main                          0x08000223   Thumb Code     0  __rtentry2.o(.ARM.Collect$$rtentry$$0000000D)
    __rt_entry_postli_1                      0x08000223   Thumb Code     0  __rtentry2.o(.ARM.Collect$$rtentry$$0000000C)
    __rt_exit                                0x0800022b   Thumb Code     0  rtexit.o(.ARM.Collect$$rtexit$$00000000)
    __rt_exit_ls                             0x0800022d   Thumb Code     0  rtexit2.o(.ARM.Collect$$rtexit$$00000003)
    __rt_exit_prels_1                        0x0800022d   Thumb Code     0  rtexit2.o(.ARM.Collect$$rtexit$$00000002)
    __rt_exit_exit                           0x08000231   Thumb Code     0  rtexit2.o(.ARM.Collect$$rtexit$$00000004)
    rand                                     0x08000239   Thumb Code    48  rand.o(.emb_text)
    Reset_Handler                            0x0800026d   Thumb Code     8  startup_stm32l433xx.o(.text)
    _maybe_terminate_alloc                   0x0800026d   Thumb Code     0  maybetermalloc1.o(.emb_text)
    ADC1_IRQHandler                          0x08000287   Thumb Code     0  startup_stm32l433xx.o(.text)
    CAN1_RX0_IRQHandler                      0x08000287   Thumb Code     0  startup_stm32l433xx.o(.text)
    CAN1_RX1_IRQHandler                      0x08000287   Thumb Code     0  startup_stm32l433xx.o(.text)
    CAN1_SCE_IRQHandler                      0x08000287   Thumb Code     0  startup_stm32l433xx.o(.text)
    CAN1_TX_IRQHandler                       0x08000287   Thumb Code     0  startup_stm32l433xx.o(.text)
    COMP_IRQHandler                          0x08000287   Thumb Code     0  startup_stm32l433xx.o(.text)
    CRS_IRQHandler                           0x08000287   Thumb Code     0  startup_stm32l433xx.o(.text)
    DMA1_Channel1_IRQHandler                 0x08000287   Thumb Code     0  startup_stm32l433xx.o(.text)
    DMA1_Channel2_IRQHandler                 0x08000287   Thumb Code     0  startup_stm32l433xx.o(.text)
    DMA1_Channel3_IRQHandler                 0x08000287   Thumb Code     0  startup_stm32l433xx.o(.text)
    DMA1_Channel4_IRQHandler                 0x08000287   Thumb Code     0  startup_stm32l433xx.o(.text)
    DMA1_Channel5_IRQHandler                 0x08000287   Thumb Code     0  startup_stm32l433xx.o(.text)
    DMA1_Channel6_IRQHandler                 0x08000287   Thumb Code     0  startup_stm32l433xx.o(.text)
    DMA1_Channel7_IRQHandler                 0x08000287   Thumb Code     0  startup_stm32l433xx.o(.text)
    DMA2_Channel1_IRQHandler                 0x08000287   Thumb Code     0  startup_stm32l433xx.o(.text)
    DMA2_Channel2_IRQHandler                 0x08000287   Thumb Code     0  startup_stm32l433xx.o(.text)
    DMA2_Channel3_IRQHandler                 0x08000287   Thumb Code     0  startup_stm32l433xx.o(.text)
    DMA2_Channel4_IRQHandler                 0x08000287   Thumb Code     0  startup_stm32l433xx.o(.text)
    DMA2_Channel5_IRQHandler                 0x08000287   Thumb Code     0  startup_stm32l433xx.o(.text)
    DMA2_Channel6_IRQHandler                 0x08000287   Thumb Code     0  startup_stm32l433xx.o(.text)
    DMA2_Channel7_IRQHandler                 0x08000287   Thumb Code     0  startup_stm32l433xx.o(.text)
    EXTI0_IRQHandler                         0x08000287   Thumb Code     0  startup_stm32l433xx.o(.text)
    EXTI15_10_IRQHandler                     0x08000287   Thumb Code     0  startup_stm32l433xx.o(.text)
    EXTI2_IRQHandler                         0x08000287   Thumb Code     0  startup_stm32l433xx.o(.text)
    EXTI3_IRQHandler                         0x08000287   Thumb Code     0  startup_stm32l433xx.o(.text)
    EXTI4_IRQHandler                         0x08000287   Thumb Code     0  startup_stm32l433xx.o(.text)
    EXTI9_5_IRQHandler                       0x08000287   Thumb Code     0  startup_stm32l433xx.o(.text)
    FLASH_IRQHandler                         0x08000287   Thumb Code     0  startup_stm32l433xx.o(.text)
    FPU_IRQHandler                           0x08000287   Thumb Code     0  startup_stm32l433xx.o(.text)
    I2C1_ER_IRQHandler                       0x08000287   Thumb Code     0  startup_stm32l433xx.o(.text)
    I2C1_EV_IRQHandler                       0x08000287   Thumb Code     0  startup_stm32l433xx.o(.text)
    I2C2_ER_IRQHandler                       0x08000287   Thumb Code     0  startup_stm32l433xx.o(.text)
    I2C2_EV_IRQHandler                       0x08000287   Thumb Code     0  startup_stm32l433xx.o(.text)
    I2C3_ER_IRQHandler                       0x08000287   Thumb Code     0  startup_stm32l433xx.o(.text)
    I2C3_EV_IRQHandler                       0x08000287   Thumb Code     0  startup_stm32l433xx.o(.text)
    LCD_IRQHandler                           0x08000287   Thumb Code     0  startup_stm32l433xx.o(.text)
    LPTIM1_IRQHandler                        0x08000287   Thumb Code     0  startup_stm32l433xx.o(.text)
    LPTIM2_IRQHandler                        0x08000287   Thumb Code     0  startup_stm32l433xx.o(.text)
    LPUART1_IRQHandler                       0x08000287   Thumb Code     0  startup_stm32l433xx.o(.text)
    PVD_PVM_IRQHandler                       0x08000287   Thumb Code     0  startup_stm32l433xx.o(.text)
    QUADSPI_IRQHandler                       0x08000287   Thumb Code     0  startup_stm32l433xx.o(.text)
    RCC_IRQHandler                           0x08000287   Thumb Code     0  startup_stm32l433xx.o(.text)
    RNG_IRQHandler                           0x08000287   Thumb Code     0  startup_stm32l433xx.o(.text)
    RTC_Alarm_IRQHandler                     0x08000287   Thumb Code     0  startup_stm32l433xx.o(.text)
    RTC_WKUP_IRQHandler                      0x08000287   Thumb Code     0  startup_stm32l433xx.o(.text)
    SAI1_IRQHandler                          0x08000287   Thumb Code     0  startup_stm32l433xx.o(.text)
    SDMMC1_IRQHandler                        0x08000287   Thumb Code     0  startup_stm32l433xx.o(.text)
    SPI1_IRQHandler                          0x08000287   Thumb Code     0  startup_stm32l433xx.o(.text)
    SPI2_IRQHandler                          0x08000287   Thumb Code     0  startup_stm32l433xx.o(.text)
    SPI3_IRQHandler                          0x08000287   Thumb Code     0  startup_stm32l433xx.o(.text)
    SWPMI1_IRQHandler                        0x08000287   Thumb Code     0  startup_stm32l433xx.o(.text)
    TAMP_STAMP_IRQHandler                    0x08000287   Thumb Code     0  startup_stm32l433xx.o(.text)
    TIM1_BRK_TIM15_IRQHandler                0x08000287   Thumb Code     0  startup_stm32l433xx.o(.text)
    TIM1_CC_IRQHandler                       0x08000287   Thumb Code     0  startup_stm32l433xx.o(.text)
    TIM1_TRG_COM_IRQHandler                  0x08000287   Thumb Code     0  startup_stm32l433xx.o(.text)
    TIM1_UP_TIM16_IRQHandler                 0x08000287   Thumb Code     0  startup_stm32l433xx.o(.text)
    TIM2_IRQHandler                          0x08000287   Thumb Code     0  startup_stm32l433xx.o(.text)
    TIM6_DAC_IRQHandler                      0x08000287   Thumb Code     0  startup_stm32l433xx.o(.text)
    TIM7_IRQHandler                          0x08000287   Thumb Code     0  startup_stm32l433xx.o(.text)
    TSC_IRQHandler                           0x08000287   Thumb Code     0  startup_stm32l433xx.o(.text)
    USART2_IRQHandler                        0x08000287   Thumb Code     0  startup_stm32l433xx.o(.text)
    USART3_IRQHandler                        0x08000287   Thumb Code     0  startup_stm32l433xx.o(.text)
    USB_IRQHandler                           0x08000287   Thumb Code     0  startup_stm32l433xx.o(.text)
    WWDG_IRQHandler                          0x08000287   Thumb Code     0  startup_stm32l433xx.o(.text)
    __user_initial_stackheap                 0x08000289   Thumb Code     0  startup_stm32l433xx.o(.text)
    malloc                                   0x080002ad   Thumb Code    94  h1_alloc.o(.text)
    free                                     0x0800030b   Thumb Code    78  h1_free.o(.text)
    __aeabi_uldivmod                         0x08000359   Thumb Code     0  lludivv7m.o(.text)
    _ll_udiv                                 0x08000359   Thumb Code   238  lludivv7m.o(.text)
    srand                                    0x08000449   Thumb Code    42  rand.o(.text)
    _rand_init                               0x08000473   Thumb Code     4  rand.o(.text)
    __aeabi_memcpy                           0x08000485   Thumb Code     0  rt_memcpy_v6.o(.text)
    __rt_memcpy                              0x08000485   Thumb Code   138  rt_memcpy_v6.o(.text)
    _memcpy_lastbytes                        0x080004eb   Thumb Code     0  rt_memcpy_v6.o(.text)
    __aeabi_memcpy4                          0x0800050f   Thumb Code     0  rt_memcpy_w.o(.text)
    __aeabi_memcpy8                          0x0800050f   Thumb Code     0  rt_memcpy_w.o(.text)
    __rt_memcpy_w                            0x0800050f   Thumb Code   100  rt_memcpy_w.o(.text)
    _memcpy_lastbytes_aligned                0x08000557   Thumb Code     0  rt_memcpy_w.o(.text)
    __aeabi_memclr                           0x08000573   Thumb Code     0  rt_memclr.o(.text)
    __rt_memclr                              0x08000573   Thumb Code    68  rt_memclr.o(.text)
    _memset                                  0x08000577   Thumb Code     0  rt_memclr.o(.text)
    __aeabi_memclr4                          0x080005b7   Thumb Code     0  rt_memclr_w.o(.text)
    __aeabi_memclr8                          0x080005b7   Thumb Code     0  rt_memclr_w.o(.text)
    __rt_memclr_w                            0x080005b7   Thumb Code    78  rt_memclr_w.o(.text)
    _memset_w                                0x080005bb   Thumb Code     0  rt_memclr_w.o(.text)
    __use_two_region_memory                  0x08000605   Thumb Code     2  heapauxi.o(.text)
    __rt_heap_escrow                         0x08000607   Thumb Code     2  heapauxi.o(.text)
    __rt_heap_expand                         0x08000609   Thumb Code     2  heapauxi.o(.text)
    __rt_heap_descriptor                     0x0800060d   Thumb Code     8  rt_heap_descriptor_intlibspace.o(.text)
    __use_no_heap                            0x08000615   Thumb Code     2  hguard.o(.text)
    __heap$guard                             0x08000617   Thumb Code     2  hguard.o(.text)
    _terminate_user_alloc                    0x08000619   Thumb Code     2  init_alloc.o(.text)
    _init_user_alloc                         0x0800061b   Thumb Code     2  init_alloc.o(.text)
    __Heap_Full                              0x0800061d   Thumb Code    34  init_alloc.o(.text)
    __Heap_Broken                            0x0800063f   Thumb Code     6  init_alloc.o(.text)
    _init_alloc                              0x08000645   Thumb Code    94  init_alloc.o(.text)
    __Heap_Initialize                        0x080006a3   Thumb Code    10  h1_init.o(.text)
    __Heap_DescSize                          0x080006ad   Thumb Code     4  h1_init.o(.text)
    __user_libspace                          0x080006b1   Thumb Code     8  libspace.o(.text)
    __user_perproc_libspace                  0x080006b1   Thumb Code     0  libspace.o(.text)
    __user_perthread_libspace                0x080006b1   Thumb Code     0  libspace.o(.text)
    __Heap_ProvideMemory                     0x080006b9   Thumb Code    52  h1_extend.o(.text)
    __rt_SIGRTMEM                            0x080006ed   Thumb Code    14  defsig_rtmem_outer.o(.text)
    __I$use$semihosting                      0x080006fb   Thumb Code     0  use_no_semi.o(.text)
    __use_no_semihosting_swi                 0x080006fb   Thumb Code     2  use_no_semi.o(.text)
    __semihosting_library_function           0x080006fd   Thumb Code     0  indicate_semi.o(.text)
    __user_setup_stackheap                   0x080006fd   Thumb Code    74  sys_stackheap_outer.o(.text)
    exit                                     0x08000747   Thumb Code    18  exit.o(.text)
    __sig_exit                               0x08000759   Thumb Code    10  defsig_exit.o(.text)
    __rt_SIGRTMEM_inner                      0x08000765   Thumb Code    22  defsig_rtmem_inner.o(.text)
    _sys_exit                                0x080007b5   Thumb Code     8  sys_exit.o(.text)
    __default_signal_display                 0x080007c1   Thumb Code    50  defsig_general.o(.text)
    _ttywrch                                 0x080007f3   Thumb Code    14  sys_wrch.o(.text)
    BusFault_Handler                         0x08000801   Thumb Code     2  stm32l4xx_it.o(i.BusFault_Handler)
    DebugMon_Handler                         0x08000803   Thumb Code     2  stm32l4xx_it.o(i.DebugMon_Handler)
    EXTI1_IRQHandler                         0x08000805   Thumb Code     6  stm32l4xx_it.o(i.EXTI1_IRQHandler)
    Error_Handler                            0x0800080b   Thumb Code     4  main.o(i.Error_Handler)
    HAL_DMA_Abort                            0x0800080f   Thumb Code    74  stm32l4xx_hal_dma.o(i.HAL_DMA_Abort)
    HAL_DMA_Abort_IT                         0x08000859   Thumb Code    78  stm32l4xx_hal_dma.o(i.HAL_DMA_Abort_IT)
    HAL_Delay                                0x080008a9   Thumb Code    32  stm32l4xx_hal.o(i.HAL_Delay)
    HAL_GPIO_EXTI_Callback                   0x080008cd   Thumb Code   376  main.o(i.HAL_GPIO_EXTI_Callback)
    HAL_GPIO_EXTI_IRQHandler                 0x08000a4d   Thumb Code    18  stm32l4xx_hal_gpio.o(i.HAL_GPIO_EXTI_IRQHandler)
    HAL_GPIO_Init                            0x08000a65   Thumb Code   434  stm32l4xx_hal_gpio.o(i.HAL_GPIO_Init)
    HAL_GPIO_ReadPin                         0x08000c3b   Thumb Code    10  stm32l4xx_hal_gpio.o(i.HAL_GPIO_ReadPin)
    HAL_GPIO_TogglePin                       0x08000c45   Thumb Code    16  stm32l4xx_hal_gpio.o(i.HAL_GPIO_TogglePin)
    HAL_GPIO_WritePin                        0x08000c55   Thumb Code    10  stm32l4xx_hal_gpio.o(i.HAL_GPIO_WritePin)
    HAL_GetTick                              0x08000c61   Thumb Code     6  stm32l4xx_hal.o(i.HAL_GetTick)
    HAL_I2CEx_ConfigAnalogFilter             0x08000c6d   Thumb Code    86  stm32l4xx_hal_i2c_ex.o(i.HAL_I2CEx_ConfigAnalogFilter)
    HAL_I2CEx_ConfigDigitalFilter            0x08000cc3   Thumb Code    82  stm32l4xx_hal_i2c_ex.o(i.HAL_I2CEx_ConfigDigitalFilter)
    HAL_I2C_Init                             0x08000d15   Thumb Code   178  stm32l4xx_hal_i2c.o(i.HAL_I2C_Init)
    HAL_I2C_MspInit                          0x08000dcd   Thumb Code   202  stm32l4xx_hal_msp.o(i.HAL_I2C_MspInit)
    HAL_IncTick                              0x08000ea9   Thumb Code    12  stm32l4xx_hal.o(i.HAL_IncTick)
    HAL_Init                                 0x08000eb9   Thumb Code    40  stm32l4xx_hal.o(i.HAL_Init)
    HAL_InitTick                             0x08000ee5   Thumb Code    58  stm32l4xx_hal.o(i.HAL_InitTick)
    HAL_MspInit                              0x08000f29   Thumb Code    38  stm32l4xx_hal_msp.o(i.HAL_MspInit)
    HAL_NVIC_DisableIRQ                      0x08000f55   Thumb Code    34  stm32l4xx_hal_cortex.o(i.HAL_NVIC_DisableIRQ)
    HAL_NVIC_EnableIRQ                       0x08000f77   Thumb Code    26  stm32l4xx_hal_cortex.o(i.HAL_NVIC_EnableIRQ)
    HAL_NVIC_SetPriority                     0x08000f91   Thumb Code    60  stm32l4xx_hal_cortex.o(i.HAL_NVIC_SetPriority)
    HAL_NVIC_SetPriorityGrouping             0x08000fd1   Thumb Code    26  stm32l4xx_hal_cortex.o(i.HAL_NVIC_SetPriorityGrouping)
    HAL_PCDEx_ActivateLPM                    0x08000ff5   Thumb Code    36  stm32l4xx_hal_pcd_ex.o(i.HAL_PCDEx_ActivateLPM)
    HAL_PCD_Init                             0x08001019   Thumb Code   230  stm32l4xx_hal_pcd.o(i.HAL_PCD_Init)
    HAL_PCD_MspInit                          0x08001101   Thumb Code    64  stm32l4xx_hal_msp.o(i.HAL_PCD_MspInit)
    HAL_PWREx_ControlVoltageScaling          0x08001149   Thumb Code    90  stm32l4xx_hal_pwr_ex.o(i.HAL_PWREx_ControlVoltageScaling)
    HAL_PWREx_GetVoltageRange                0x080011b1   Thumb Code    10  stm32l4xx_hal_pwr_ex.o(i.HAL_PWREx_GetVoltageRange)
    HAL_RCCEx_PeriphCLKConfig                0x080011c1   Thumb Code   736  stm32l4xx_hal_rcc_ex.o(i.HAL_RCCEx_PeriphCLKConfig)
    HAL_RCC_ClockConfig                      0x080014b1   Thumb Code   304  stm32l4xx_hal_rcc.o(i.HAL_RCC_ClockConfig)
    HAL_RCC_GetPCLK1Freq                     0x080015f5   Thumb Code    24  stm32l4xx_hal_rcc.o(i.HAL_RCC_GetPCLK1Freq)
    HAL_RCC_GetPCLK2Freq                     0x08001619   Thumb Code    24  stm32l4xx_hal_rcc.o(i.HAL_RCC_GetPCLK2Freq)
    HAL_RCC_GetSysClockFreq                  0x0800163d   Thumb Code   150  stm32l4xx_hal_rcc.o(i.HAL_RCC_GetSysClockFreq)
    HAL_RCC_OscConfig                        0x080016e1   Thumb Code  1366  stm32l4xx_hal_rcc.o(i.HAL_RCC_OscConfig)
    HAL_SPI_Init                             0x08001c41   Thumb Code   224  stm32l4xx_hal_spi.o(i.HAL_SPI_Init)
    HAL_SPI_MspInit                          0x08001d21   Thumb Code   118  stm32l4xx_hal_msp.o(i.HAL_SPI_MspInit)
    HAL_SPI_TransmitReceive                  0x08001da5   Thumb Code   610  stm32l4xx_hal_spi.o(i.HAL_SPI_TransmitReceive)
    HAL_SYSTICK_Config                       0x0800200d   Thumb Code    40  stm32l4xx_hal_cortex.o(i.HAL_SYSTICK_Config)
    HAL_UARTEx_RxEventCallback               0x08002035   Thumb Code     2  stm32l4xx_hal_uart.o(i.HAL_UARTEx_RxEventCallback)
    HAL_UARTEx_WakeupCallback                0x08002037   Thumb Code     2  stm32l4xx_hal_uart_ex.o(i.HAL_UARTEx_WakeupCallback)
    HAL_UART_ErrorCallback                   0x08002039   Thumb Code     2  stm32l4xx_hal_uart.o(i.HAL_UART_ErrorCallback)
    HAL_UART_IRQHandler                      0x0800203d   Thumb Code   652  stm32l4xx_hal_uart.o(i.HAL_UART_IRQHandler)
    HAL_UART_Init                            0x080022d1   Thumb Code   102  stm32l4xx_hal_uart.o(i.HAL_UART_Init)
    HAL_UART_MspInit                         0x08002339   Thumb Code   214  stm32l4xx_hal_msp.o(i.HAL_UART_MspInit)
    HAL_UART_TxCpltCallback                  0x08002421   Thumb Code     2  stm32l4xx_hal_uart.o(i.HAL_UART_TxCpltCallback)
    HardFault_Handler                        0x08002423   Thumb Code     2  stm32l4xx_it.o(i.HardFault_Handler)
    MemManage_Handler                        0x08002691   Thumb Code     2  stm32l4xx_it.o(i.MemManage_Handler)
    NMI_Handler                              0x08002693   Thumb Code     2  stm32l4xx_it.o(i.NMI_Handler)
    PendSV_Handler                           0x08002695   Thumb Code     2  stm32l4xx_it.o(i.PendSV_Handler)
    SI4463_ClearAllInterrupts                0x08002841   Thumb Code    22  si4463.o(i.SI4463_ClearAllInterrupts)
    SI4463_ClearChipStatus                   0x08002859   Thumb Code    50  si4463.o(i.SI4463_ClearChipStatus)
    SI4463_ClearInterrupts                   0x08002891   Thumb Code    50  si4463.o(i.SI4463_ClearInterrupts)
    SI4463_ClearRxFifo                       0x080028c9   Thumb Code    18  si4463.o(i.SI4463_ClearRxFifo)
    SI4463_ClearShutdown                     0x080028e1   Thumb Code    10  main.o(i.SI4463_ClearShutdown)
    SI4463_ClearTxFifo                       0x080028f1   Thumb Code    18  si4463.o(i.SI4463_ClearTxFifo)
    SI4463_Deselect                          0x08002909   Thumb Code    12  main.o(i.SI4463_Deselect)
    SI4463_GetChipStatus                     0x08002915   Thumb Code    82  si4463.o(i.SI4463_GetChipStatus)
    SI4463_GetInterrupts                     0x0800296d   Thumb Code   204  si4463.o(i.SI4463_GetInterrupts)
    SI4463_GetSwCts                          0x08002a3d   Thumb Code    42  si4463.o(i.SI4463_GetSwCts)
    SI4463_GetTxFifoRemainBytes              0x08002a69   Thumb Code    60  si4463.o(i.SI4463_GetTxFifoRemainBytes)
    SI4463_Init                              0x08002aa9   Thumb Code   118  si4463.o(i.SI4463_Init)
    SI4463_IsCTS                             0x08002b25   Thumb Code    20  main.o(i.SI4463_IsCTS)
    SI4463_ReadCommandBuffer                 0x08002b3d   Thumb Code    82  si4463.o(i.SI4463_ReadCommandBuffer)
    SI4463_ReadRxFifo                        0x08002b8f   Thumb Code   126  si4463.o(i.SI4463_ReadRxFifo)
    SI4463_Reset                             0x08002c13   Thumb Code    48  si4463.o(i.SI4463_Reset)
    SI4463_Select                            0x08002c43   Thumb Code    12  main.o(i.SI4463_Select)
    SI4463_SendCommand                       0x08002c4f   Thumb Code    74  si4463.o(i.SI4463_SendCommand)
    SI4463_SendNop                           0x08002c99   Thumb Code    30  si4463.o(i.SI4463_SendNop)
    SI4463_SetShutdown                       0x08002cb9   Thumb Code    10  main.o(i.SI4463_SetShutdown)
    SI4463_StartRx                           0x08002cc9   Thumb Code    68  si4463.o(i.SI4463_StartRx)
    SI4463_StartTx                           0x08002d15   Thumb Code    86  si4463.o(i.SI4463_StartTx)
    SI4463_Transmit                          0x08002d75   Thumb Code    66  si4463.o(i.SI4463_Transmit)
    SI4463_WaitCTS                           0x08002db7   Thumb Code    56  si4463.o(i.SI4463_WaitCTS)
    SI4463_WaitSwCTS                         0x08002def   Thumb Code    46  si4463.o(i.SI4463_WaitSwCTS)
    SI4463_WriteRead                         0x08002e1d   Thumb Code    20  main.o(i.SI4463_WriteRead)
    SI4463_WriteTxFifo                       0x08002e35   Thumb Code    64  si4463.o(i.SI4463_WriteTxFifo)
    SVC_Handler                              0x0800305d   Thumb Code     2  stm32l4xx_it.o(i.SVC_Handler)
    SysTick_Handler                          0x0800305f   Thumb Code     4  stm32l4xx_it.o(i.SysTick_Handler)
    SystemClock_Config                       0x08003063   Thumb Code   122  main.o(i.SystemClock_Config)
    SystemInit                               0x080030dd   Thumb Code    12  system_stm32l4xx.o(i.SystemInit)
    UART_AdvFeatureConfig                    0x080030ed   Thumb Code   200  stm32l4xx_hal_uart.o(i.UART_AdvFeatureConfig)
    UART_CheckIdleState                      0x080031b5   Thumb Code    92  stm32l4xx_hal_uart.o(i.UART_CheckIdleState)
    UART_SetConfig                           0x08003271   Thumb Code   478  stm32l4xx_hal_uart.o(i.UART_SetConfig)
    UART_WaitOnFlagUntilTimeout              0x08003471   Thumb Code   198  stm32l4xx_hal_uart.o(i.UART_WaitOnFlagUntilTimeout)
    USART1_IRQHandler                        0x08003539   Thumb Code     6  stm32l4xx_it.o(i.USART1_IRQHandler)
    USB_CoreInit                             0x08003545   Thumb Code     4  stm32l4xx_ll_usb.o(i.USB_CoreInit)
    USB_DevDisconnect                        0x08003549   Thumb Code    14  stm32l4xx_ll_usb.o(i.USB_DevDisconnect)
    USB_DevInit                              0x08003557   Thumb Code    18  stm32l4xx_ll_usb.o(i.USB_DevInit)
    USB_DisableGlobalInt                     0x08003569   Thumb Code    16  stm32l4xx_ll_usb.o(i.USB_DisableGlobalInt)
    USB_SetCurrentMode                       0x08003579   Thumb Code     4  stm32l4xx_ll_usb.o(i.USB_SetCurrentMode)
    UsageFault_Handler                       0x0800357d   Thumb Code     2  stm32l4xx_it.o(i.UsageFault_Handler)
    main                                     0x080035a1   Thumb Code   220  main.o(i.main)
    _fp_init                                 0x080036a5   Thumb Code    10  fpinit.o(x$fpl$fpinit)
    __fplib_config_fpu_vfp                   0x080036ad   Thumb Code     0  fpinit.o(x$fpl$fpinit)
    __fplib_config_pureend_doubles           0x080036ad   Thumb Code     0  fpinit.o(x$fpl$fpinit)
    AHBPrescTable                            0x080036b0   Data          16  system_stm32l4xx.o(.constdata)
    MSIRangeTable                            0x080036c0   Data          48  system_stm32l4xx.o(.constdata)
    APBPrescTable                            0x080036f0   Data           8  system_stm32l4xx.o(.constdata)
    Region$$Table$$Base                      0x08003868   Number         0  anon$$obj.o(Region$$Table)
    Region$$Table$$Limit                     0x08003888   Number         0  anon$$obj.o(Region$$Table)
    uwTickFreq                               0x20000000   Data           1  stm32l4xx_hal.o(.data)
    uwTickPrio                               0x20000004   Data           4  stm32l4xx_hal.o(.data)
    uwTick                                   0x20000008   Data           4  stm32l4xx_hal.o(.data)
    SystemCoreClock                          0x2000000c   Data           4  system_stm32l4xx.o(.data)
    hi2c1                                    0x20000010   Data          84  main.o(.bss)
    hi2c2                                    0x20000064   Data          84  main.o(.bss)
    hspi1                                    0x200000b8   Data         100  main.o(.bss)
    huart1                                   0x2000011c   Data         132  main.o(.bss)
    huart2                                   0x200001a0   Data         132  main.o(.bss)
    hpcd_USB_FS                              0x20000224   Data         764  main.o(.bss)
    si4463                                   0x20000520   Data          52  main.o(.bss)
    incomingBuffer                           0x20000554   Data          10  main.o(.bss)
    outgoingBuffer                           0x2000055e   Data          10  main.o(.bss)
    _random_number_data                      0x20000568   Data         228  rand.o(.bss)
    __libspace_start                         0x2000064c   Data          96  libspace.o(.bss)
    __temporary_stack_top$libspace           0x200006ac   Data           0  libspace.o(.bss)



==============================================================================

Memory Map of the image

  Image Entry point : 0x0800018d

  Load Region LR_IROM1 (Base: 0x08000000, Size: 0x00003898, Max: 0x00040000, ABSOLUTE)

    Execution Region ER_IROM1 (Exec base: 0x08000000, Load base: 0x08000000, Size: 0x00003888, Max: 0x00040000, ABSOLUTE)

    Exec Addr    Load Addr    Size         Type   Attr      Idx    E Section Name        Object

    0x08000000   0x08000000   0x0000018c   Data   RO            3    RESET               startup_stm32l433xx.o
    0x0800018c   0x0800018c   0x00000008   Code   RO         4066  * !!!main             c_w.l(__main.o)
    0x08000194   0x08000194   0x00000034   Code   RO         4279    !!!scatter          c_w.l(__scatter.o)
    0x080001c8   0x080001c8   0x0000001a   Code   RO         4281    !!handler_copy      c_w.l(__scatter_copy.o)
    0x080001e2   0x080001e2   0x00000002   PAD
    0x080001e4   0x080001e4   0x0000001c   Code   RO         4283    !!handler_zi        c_w.l(__scatter_zi.o)
    0x08000200   0x08000200   0x00000002   Code   RO         4216    .ARM.Collect$$libinit$$00000000  c_w.l(libinit.o)
    0x08000202   0x08000202   0x00000004   Code   RO         4102    .ARM.Collect$$libinit$$00000001  c_w.l(libinit2.o)
    0x08000206   0x08000206   0x00000000   Code   RO         4105    .ARM.Collect$$libinit$$00000004  c_w.l(libinit2.o)
    0x08000206   0x08000206   0x00000008   Code   RO         4106    .ARM.Collect$$libinit$$00000005  c_w.l(libinit2.o)
    0x0800020e   0x0800020e   0x00000000   Code   RO         4108    .ARM.Collect$$libinit$$0000000A  c_w.l(libinit2.o)
    0x0800020e   0x0800020e   0x00000000   Code   RO         4110    .ARM.Collect$$libinit$$0000000C  c_w.l(libinit2.o)
    0x0800020e   0x0800020e   0x00000004   Code   RO         4111    .ARM.Collect$$libinit$$0000000D  c_w.l(libinit2.o)
    0x08000212   0x08000212   0x00000000   Code   RO         4112    .ARM.Collect$$libinit$$0000000E  c_w.l(libinit2.o)
    0x08000212   0x08000212   0x00000000   Code   RO         4115    .ARM.Collect$$libinit$$00000011  c_w.l(libinit2.o)
    0x08000212   0x08000212   0x00000000   Code   RO         4117    .ARM.Collect$$libinit$$00000013  c_w.l(libinit2.o)
    0x08000212   0x08000212   0x00000000   Code   RO         4119    .ARM.Collect$$libinit$$00000015  c_w.l(libinit2.o)
    0x08000212   0x08000212   0x00000000   Code   RO         4121    .ARM.Collect$$libinit$$00000017  c_w.l(libinit2.o)
    0x08000212   0x08000212   0x00000000   Code   RO         4123    .ARM.Collect$$libinit$$00000019  c_w.l(libinit2.o)
    0x08000212   0x08000212   0x00000000   Code   RO         4125    .ARM.Collect$$libinit$$0000001B  c_w.l(libinit2.o)
    0x08000212   0x08000212   0x00000000   Code   RO         4127    .ARM.Collect$$libinit$$0000001D  c_w.l(libinit2.o)
    0x08000212   0x08000212   0x00000000   Code   RO         4129    .ARM.Collect$$libinit$$0000001F  c_w.l(libinit2.o)
    0x08000212   0x08000212   0x00000000   Code   RO         4131    .ARM.Collect$$libinit$$00000021  c_w.l(libinit2.o)
    0x08000212   0x08000212   0x00000000   Code   RO         4133    .ARM.Collect$$libinit$$00000023  c_w.l(libinit2.o)
    0x08000212   0x08000212   0x00000000   Code   RO         4135    .ARM.Collect$$libinit$$00000025  c_w.l(libinit2.o)
    0x08000212   0x08000212   0x00000000   Code   RO         4139    .ARM.Collect$$libinit$$0000002C  c_w.l(libinit2.o)
    0x08000212   0x08000212   0x00000000   Code   RO         4141    .ARM.Collect$$libinit$$0000002E  c_w.l(libinit2.o)
    0x08000212   0x08000212   0x00000000   Code   RO         4143    .ARM.Collect$$libinit$$00000030  c_w.l(libinit2.o)
    0x08000212   0x08000212   0x00000000   Code   RO         4145    .ARM.Collect$$libinit$$00000032  c_w.l(libinit2.o)
    0x08000212   0x08000212   0x00000002   Code   RO         4146    .ARM.Collect$$libinit$$00000033  c_w.l(libinit2.o)
    0x08000214   0x08000214   0x00000002   Code   RO         4276    .ARM.Collect$$libshutdown$$00000000  c_w.l(libshutdown.o)
    0x08000216   0x08000216   0x00000000   Code   RO         4232    .ARM.Collect$$libshutdown$$00000002  c_w.l(libshutdown2.o)
    0x08000216   0x08000216   0x00000000   Code   RO         4234    .ARM.Collect$$libshutdown$$00000004  c_w.l(libshutdown2.o)
    0x08000216   0x08000216   0x00000000   Code   RO         4236    .ARM.Collect$$libshutdown$$00000006  c_w.l(libshutdown2.o)
    0x08000216   0x08000216   0x00000000   Code   RO         4239    .ARM.Collect$$libshutdown$$00000009  c_w.l(libshutdown2.o)
    0x08000216   0x08000216   0x00000000   Code   RO         4242    .ARM.Collect$$libshutdown$$0000000C  c_w.l(libshutdown2.o)
    0x08000216   0x08000216   0x00000000   Code   RO         4244    .ARM.Collect$$libshutdown$$0000000E  c_w.l(libshutdown2.o)
    0x08000216   0x08000216   0x00000000   Code   RO         4247    .ARM.Collect$$libshutdown$$00000011  c_w.l(libshutdown2.o)
    0x08000216   0x08000216   0x00000002   Code   RO         4248    .ARM.Collect$$libshutdown$$00000012  c_w.l(libshutdown2.o)
    0x08000218   0x08000218   0x00000000   Code   RO         4070    .ARM.Collect$$rtentry$$00000000  c_w.l(__rtentry.o)
    0x08000218   0x08000218   0x00000000   Code   RO         4153    .ARM.Collect$$rtentry$$00000002  c_w.l(__rtentry2.o)
    0x08000218   0x08000218   0x00000006   Code   RO         4165    .ARM.Collect$$rtentry$$00000004  c_w.l(__rtentry4.o)
    0x0800021e   0x0800021e   0x00000000   Code   RO         4155    .ARM.Collect$$rtentry$$00000009  c_w.l(__rtentry2.o)
    0x0800021e   0x0800021e   0x00000004   Code   RO         4156    .ARM.Collect$$rtentry$$0000000A  c_w.l(__rtentry2.o)
    0x08000222   0x08000222   0x00000000   Code   RO         4158    .ARM.Collect$$rtentry$$0000000C  c_w.l(__rtentry2.o)
    0x08000222   0x08000222   0x00000008   Code   RO         4159    .ARM.Collect$$rtentry$$0000000D  c_w.l(__rtentry2.o)
    0x0800022a   0x0800022a   0x00000002   Code   RO         4219    .ARM.Collect$$rtexit$$00000000  c_w.l(rtexit.o)
    0x0800022c   0x0800022c   0x00000000   Code   RO         4252    .ARM.Collect$$rtexit$$00000002  c_w.l(rtexit2.o)
    0x0800022c   0x0800022c   0x00000004   Code   RO         4253    .ARM.Collect$$rtexit$$00000003  c_w.l(rtexit2.o)
    0x08000230   0x08000230   0x00000006   Code   RO         4254    .ARM.Collect$$rtexit$$00000004  c_w.l(rtexit2.o)
    0x08000236   0x08000236   0x00000002   PAD
    0x08000238   0x08000238   0x00000034   Code   RO         4051    .emb_text           c_w.l(rand.o)
    0x0800026c   0x0800026c   0x00000000   Code   RO         4171    .emb_text           c_w.l(maybetermalloc1.o)
    0x0800026c   0x0800026c   0x00000040   Code   RO            4    .text               startup_stm32l433xx.o
    0x080002ac   0x080002ac   0x0000005e   Code   RO         3991    .text               c_w.l(h1_alloc.o)
    0x0800030a   0x0800030a   0x0000004e   Code   RO         3993    .text               c_w.l(h1_free.o)
    0x08000358   0x08000358   0x000000ee   Code   RO         4049    .text               c_w.l(lludivv7m.o)
    0x08000446   0x08000446   0x00000002   PAD
    0x08000448   0x08000448   0x0000003c   Code   RO         4052    .text               c_w.l(rand.o)
    0x08000484   0x08000484   0x0000008a   Code   RO         4056    .text               c_w.l(rt_memcpy_v6.o)
    0x0800050e   0x0800050e   0x00000064   Code   RO         4058    .text               c_w.l(rt_memcpy_w.o)
    0x08000572   0x08000572   0x00000044   Code   RO         4060    .text               c_w.l(rt_memclr.o)
    0x080005b6   0x080005b6   0x0000004e   Code   RO         4062    .text               c_w.l(rt_memclr_w.o)
    0x08000604   0x08000604   0x00000006   Code   RO         4064    .text               c_w.l(heapauxi.o)
    0x0800060a   0x0800060a   0x00000002   PAD
    0x0800060c   0x0800060c   0x00000008   Code   RO         4078    .text               c_w.l(rt_heap_descriptor_intlibspace.o)
    0x08000614   0x08000614   0x00000004   Code   RO         4080    .text               c_w.l(hguard.o)
    0x08000618   0x08000618   0x0000008a   Code   RO         4082    .text               c_w.l(init_alloc.o)
    0x080006a2   0x080006a2   0x0000000e   Code   RO         4086    .text               c_w.l(h1_init.o)
    0x080006b0   0x080006b0   0x00000008   Code   RO         4149    .text               c_w.l(libspace.o)
    0x080006b8   0x080006b8   0x00000034   Code   RO         4173    .text               c_w.l(h1_extend.o)
    0x080006ec   0x080006ec   0x0000000e   Code   RO         4177    .text               c_w.l(defsig_rtmem_outer.o)
    0x080006fa   0x080006fa   0x00000002   Code   RO         4188    .text               c_w.l(use_no_semi.o)
    0x080006fc   0x080006fc   0x00000000   Code   RO         4190    .text               c_w.l(indicate_semi.o)
    0x080006fc   0x080006fc   0x0000004a   Code   RO         4191    .text               c_w.l(sys_stackheap_outer.o)
    0x08000746   0x08000746   0x00000012   Code   RO         4197    .text               c_w.l(exit.o)
    0x08000758   0x08000758   0x0000000a   Code   RO         4199    .text               c_w.l(defsig_exit.o)
    0x08000762   0x08000762   0x00000002   PAD
    0x08000764   0x08000764   0x00000050   Code   RO         4205    .text               c_w.l(defsig_rtmem_inner.o)
    0x080007b4   0x080007b4   0x0000000c   Code   RO         4217    .text               c_w.l(sys_exit.o)
    0x080007c0   0x080007c0   0x00000032   Code   RO         4227    .text               c_w.l(defsig_general.o)
    0x080007f2   0x080007f2   0x0000000e   Code   RO         4249    .text               c_w.l(sys_wrch.o)
    0x08000800   0x08000800   0x00000002   Code   RO          264    i.BusFault_Handler  stm32l4xx_it.o
    0x08000802   0x08000802   0x00000002   Code   RO          265    i.DebugMon_Handler  stm32l4xx_it.o
    0x08000804   0x08000804   0x00000006   Code   RO          266    i.EXTI1_IRQHandler  stm32l4xx_it.o
    0x0800080a   0x0800080a   0x00000004   Code   RO           13    i.Error_Handler     main.o
    0x0800080e   0x0800080e   0x0000004a   Code   RO         1744    i.HAL_DMA_Abort     stm32l4xx_hal_dma.o
    0x08000858   0x08000858   0x0000004e   Code   RO         1745    i.HAL_DMA_Abort_IT  stm32l4xx_hal_dma.o
    0x080008a6   0x080008a6   0x00000002   PAD
    0x080008a8   0x080008a8   0x00000024   Code   RO          957    i.HAL_Delay         stm32l4xx_hal.o
    0x080008cc   0x080008cc   0x00000180   Code   RO           14    i.HAL_GPIO_EXTI_Callback  main.o
    0x08000a4c   0x08000a4c   0x00000018   Code   RO         1679    i.HAL_GPIO_EXTI_IRQHandler  stm32l4xx_hal_gpio.o
    0x08000a64   0x08000a64   0x000001d6   Code   RO         1680    i.HAL_GPIO_Init     stm32l4xx_hal_gpio.o
    0x08000c3a   0x08000c3a   0x0000000a   Code   RO         1682    i.HAL_GPIO_ReadPin  stm32l4xx_hal_gpio.o
    0x08000c44   0x08000c44   0x00000010   Code   RO         1683    i.HAL_GPIO_TogglePin  stm32l4xx_hal_gpio.o
    0x08000c54   0x08000c54   0x0000000a   Code   RO         1684    i.HAL_GPIO_WritePin  stm32l4xx_hal_gpio.o
    0x08000c5e   0x08000c5e   0x00000002   PAD
    0x08000c60   0x08000c60   0x0000000c   Code   RO          961    i.HAL_GetTick       stm32l4xx_hal.o
    0x08000c6c   0x08000c6c   0x00000056   Code   RO          896    i.HAL_I2CEx_ConfigAnalogFilter  stm32l4xx_hal_i2c_ex.o
    0x08000cc2   0x08000cc2   0x00000052   Code   RO          897    i.HAL_I2CEx_ConfigDigitalFilter  stm32l4xx_hal_i2c_ex.o
    0x08000d14   0x08000d14   0x000000b8   Code   RO          435    i.HAL_I2C_Init      stm32l4xx_hal_i2c.o
    0x08000dcc   0x08000dcc   0x000000dc   Code   RO          353    i.HAL_I2C_MspInit   stm32l4xx_hal_msp.o
    0x08000ea8   0x08000ea8   0x00000010   Code   RO          967    i.HAL_IncTick       stm32l4xx_hal.o
    0x08000eb8   0x08000eb8   0x0000002c   Code   RO          968    i.HAL_Init          stm32l4xx_hal.o
    0x08000ee4   0x08000ee4   0x00000044   Code   RO          969    i.HAL_InitTick      stm32l4xx_hal.o
    0x08000f28   0x08000f28   0x0000002c   Code   RO          354    i.HAL_MspInit       stm32l4xx_hal_msp.o
    0x08000f54   0x08000f54   0x00000022   Code   RO         2196    i.HAL_NVIC_DisableIRQ  stm32l4xx_hal_cortex.o
    0x08000f76   0x08000f76   0x0000001a   Code   RO         2197    i.HAL_NVIC_EnableIRQ  stm32l4xx_hal_cortex.o
    0x08000f90   0x08000f90   0x00000040   Code   RO         2203    i.HAL_NVIC_SetPriority  stm32l4xx_hal_cortex.o
    0x08000fd0   0x08000fd0   0x00000024   Code   RO         2204    i.HAL_NVIC_SetPriorityGrouping  stm32l4xx_hal_cortex.o
    0x08000ff4   0x08000ff4   0x00000024   Code   RO         3494    i.HAL_PCDEx_ActivateLPM  stm32l4xx_hal_pcd_ex.o
    0x08001018   0x08001018   0x000000e6   Code   RO         3286    i.HAL_PCD_Init      stm32l4xx_hal_pcd.o
    0x080010fe   0x080010fe   0x00000002   PAD
    0x08001100   0x08001100   0x00000048   Code   RO          356    i.HAL_PCD_MspInit   stm32l4xx_hal_msp.o
    0x08001148   0x08001148   0x00000068   Code   RO         1971    i.HAL_PWREx_ControlVoltageScaling  stm32l4xx_hal_pwr_ex.o
    0x080011b0   0x080011b0   0x00000010   Code   RO         1998    i.HAL_PWREx_GetVoltageRange  stm32l4xx_hal_pwr_ex.o
    0x080011c0   0x080011c0   0x000002ee   Code   RO         1313    i.HAL_RCCEx_PeriphCLKConfig  stm32l4xx_hal_rcc_ex.o
    0x080014ae   0x080014ae   0x00000002   PAD
    0x080014b0   0x080014b0   0x00000144   Code   RO         1185    i.HAL_RCC_ClockConfig  stm32l4xx_hal_rcc.o
    0x080015f4   0x080015f4   0x00000024   Code   RO         1191    i.HAL_RCC_GetPCLK1Freq  stm32l4xx_hal_rcc.o
    0x08001618   0x08001618   0x00000024   Code   RO         1192    i.HAL_RCC_GetPCLK2Freq  stm32l4xx_hal_rcc.o
    0x0800163c   0x0800163c   0x000000a4   Code   RO         1194    i.HAL_RCC_GetSysClockFreq  stm32l4xx_hal_rcc.o
    0x080016e0   0x080016e0   0x00000560   Code   RO         1197    i.HAL_RCC_OscConfig  stm32l4xx_hal_rcc.o
    0x08001c40   0x08001c40   0x000000e0   Code   RO         2410    i.HAL_SPI_Init      stm32l4xx_hal_spi.o
    0x08001d20   0x08001d20   0x00000084   Code   RO          358    i.HAL_SPI_MspInit   stm32l4xx_hal_msp.o
    0x08001da4   0x08001da4   0x00000268   Code   RO         2419    i.HAL_SPI_TransmitReceive  stm32l4xx_hal_spi.o
    0x0800200c   0x0800200c   0x00000028   Code   RO         2208    i.HAL_SYSTICK_Config  stm32l4xx_hal_cortex.o
    0x08002034   0x08002034   0x00000002   Code   RO         2795    i.HAL_UARTEx_RxEventCallback  stm32l4xx_hal_uart.o
    0x08002036   0x08002036   0x00000002   Code   RO         3188    i.HAL_UARTEx_WakeupCallback  stm32l4xx_hal_uart_ex.o
    0x08002038   0x08002038   0x00000002   Code   RO         2811    i.HAL_UART_ErrorCallback  stm32l4xx_hal_uart.o
    0x0800203a   0x0800203a   0x00000002   PAD
    0x0800203c   0x0800203c   0x00000294   Code   RO         2814    i.HAL_UART_IRQHandler  stm32l4xx_hal_uart.o
    0x080022d0   0x080022d0   0x00000066   Code   RO         2815    i.HAL_UART_Init     stm32l4xx_hal_uart.o
    0x08002336   0x08002336   0x00000002   PAD
    0x08002338   0x08002338   0x000000e8   Code   RO          360    i.HAL_UART_MspInit  stm32l4xx_hal_msp.o
    0x08002420   0x08002420   0x00000002   Code   RO         2827    i.HAL_UART_TxCpltCallback  stm32l4xx_hal_uart.o
    0x08002422   0x08002422   0x00000002   Code   RO          267    i.HardFault_Handler  stm32l4xx_it.o
    0x08002424   0x08002424   0x00000108   Code   RO           16    i.MX_GPIO_Init      main.o
    0x0800252c   0x0800252c   0x00000054   Code   RO           17    i.MX_I2C1_Init      main.o
    0x08002580   0x08002580   0x00000054   Code   RO           18    i.MX_I2C2_Init      main.o
    0x080025d4   0x080025d4   0x0000004c   Code   RO           19    i.MX_SPI1_Init      main.o
    0x08002620   0x08002620   0x00000038   Code   RO           20    i.MX_USART1_UART_Init  main.o
    0x08002658   0x08002658   0x00000038   Code   RO           21    i.MX_USART2_UART_Init  main.o
    0x08002690   0x08002690   0x00000002   Code   RO          268    i.MemManage_Handler  stm32l4xx_it.o
    0x08002692   0x08002692   0x00000002   Code   RO          269    i.NMI_Handler       stm32l4xx_it.o
    0x08002694   0x08002694   0x00000002   Code   RO          270    i.PendSV_Handler    stm32l4xx_it.o
    0x08002696   0x08002696   0x00000002   PAD
    0x08002698   0x08002698   0x0000012c   Code   RO         1317    i.RCCEx_PLLSAI1_Config  stm32l4xx_hal_rcc_ex.o
    0x080027c4   0x080027c4   0x0000007c   Code   RO         1198    i.RCC_SetFlashLatencyFromMSIRange  stm32l4xx_hal_rcc.o
    0x08002840   0x08002840   0x00000016   Code   RO         3780    i.SI4463_ClearAllInterrupts  si4463.o
    0x08002856   0x08002856   0x00000002   PAD
    0x08002858   0x08002858   0x00000038   Code   RO         3781    i.SI4463_ClearChipStatus  si4463.o
    0x08002890   0x08002890   0x00000038   Code   RO         3782    i.SI4463_ClearInterrupts  si4463.o
    0x080028c8   0x080028c8   0x00000018   Code   RO         3783    i.SI4463_ClearRxFifo  si4463.o
    0x080028e0   0x080028e0   0x00000010   Code   RO           22    i.SI4463_ClearShutdown  main.o
    0x080028f0   0x080028f0   0x00000018   Code   RO         3785    i.SI4463_ClearTxFifo  si4463.o
    0x08002908   0x08002908   0x0000000c   Code   RO           23    i.SI4463_Deselect   main.o
    0x08002914   0x08002914   0x00000058   Code   RO         3787    i.SI4463_GetChipStatus  si4463.o
    0x0800296c   0x0800296c   0x000000d0   Code   RO         3789    i.SI4463_GetInterrupts  si4463.o
    0x08002a3c   0x08002a3c   0x0000002a   Code   RO         3793    i.SI4463_GetSwCts   si4463.o
    0x08002a66   0x08002a66   0x00000002   PAD
    0x08002a68   0x08002a68   0x00000040   Code   RO         3794    i.SI4463_GetTxFifoRemainBytes  si4463.o
    0x08002aa8   0x08002aa8   0x0000007c   Code   RO         3795    i.SI4463_Init       si4463.o
    0x08002b24   0x08002b24   0x00000018   Code   RO           24    i.SI4463_IsCTS      main.o
    0x08002b3c   0x08002b3c   0x00000052   Code   RO         3797    i.SI4463_ReadCommandBuffer  si4463.o
    0x08002b8e   0x08002b8e   0x00000084   Code   RO         3798    i.SI4463_ReadRxFifo  si4463.o
    0x08002c12   0x08002c12   0x00000030   Code   RO         3799    i.SI4463_Reset      si4463.o
    0x08002c42   0x08002c42   0x0000000c   Code   RO           25    i.SI4463_Select     main.o
    0x08002c4e   0x08002c4e   0x0000004a   Code   RO         3800    i.SI4463_SendCommand  si4463.o
    0x08002c98   0x08002c98   0x0000001e   Code   RO         3801    i.SI4463_SendNop    si4463.o
    0x08002cb6   0x08002cb6   0x00000002   PAD
    0x08002cb8   0x08002cb8   0x00000010   Code   RO           26    i.SI4463_SetShutdown  main.o
    0x08002cc8   0x08002cc8   0x0000004c   Code   RO         3806    i.SI4463_StartRx    si4463.o
    0x08002d14   0x08002d14   0x00000060   Code   RO         3807    i.SI4463_StartTx    si4463.o
    0x08002d74   0x08002d74   0x00000042   Code   RO         3808    i.SI4463_Transmit   si4463.o
    0x08002db6   0x08002db6   0x00000038   Code   RO         3810    i.SI4463_WaitCTS    si4463.o
    0x08002dee   0x08002dee   0x0000002e   Code   RO         3811    i.SI4463_WaitSwCTS  si4463.o
    0x08002e1c   0x08002e1c   0x00000018   Code   RO           27    i.SI4463_WriteRead  main.o
    0x08002e34   0x08002e34   0x00000040   Code   RO         3812    i.SI4463_WriteTxFifo  si4463.o
    0x08002e74   0x08002e74   0x00000048   Code   RO         2448    i.SPI_EndRxTxTransaction  stm32l4xx_hal_spi.o
    0x08002ebc   0x08002ebc   0x000000e6   Code   RO         2453    i.SPI_WaitFifoStateUntilTimeout  stm32l4xx_hal_spi.o
    0x08002fa2   0x08002fa2   0x00000002   PAD
    0x08002fa4   0x08002fa4   0x000000b8   Code   RO         2454    i.SPI_WaitFlagStateUntilTimeout  stm32l4xx_hal_spi.o
    0x0800305c   0x0800305c   0x00000002   Code   RO          271    i.SVC_Handler       stm32l4xx_it.o
    0x0800305e   0x0800305e   0x00000004   Code   RO          272    i.SysTick_Handler   stm32l4xx_it.o
    0x08003062   0x08003062   0x0000007a   Code   RO           28    i.SystemClock_Config  main.o
    0x080030dc   0x080030dc   0x00000010   Code   RO         3746    i.SystemInit        system_stm32l4xx.o
    0x080030ec   0x080030ec   0x000000c8   Code   RO         2829    i.UART_AdvFeatureConfig  stm32l4xx_hal_uart.o
    0x080031b4   0x080031b4   0x0000005c   Code   RO         2830    i.UART_CheckIdleState  stm32l4xx_hal_uart.o
    0x08003210   0x08003210   0x00000014   Code   RO         2831    i.UART_DMAAbortOnError  stm32l4xx_hal_uart.o
    0x08003224   0x08003224   0x0000004a   Code   RO         2841    i.UART_EndRxTransfer  stm32l4xx_hal_uart.o
    0x0800326e   0x0800326e   0x00000002   PAD
    0x08003270   0x08003270   0x00000200   Code   RO         2845    i.UART_SetConfig    stm32l4xx_hal_uart.o
    0x08003470   0x08003470   0x000000c6   Code   RO         2850    i.UART_WaitOnFlagUntilTimeout  stm32l4xx_hal_uart.o
    0x08003536   0x08003536   0x00000002   PAD
    0x08003538   0x08003538   0x0000000c   Code   RO          273    i.USART1_IRQHandler  stm32l4xx_it.o
    0x08003544   0x08003544   0x00000004   Code   RO         3562    i.USB_CoreInit      stm32l4xx_ll_usb.o
    0x08003548   0x08003548   0x0000000e   Code   RO         3566    i.USB_DevDisconnect  stm32l4xx_ll_usb.o
    0x08003556   0x08003556   0x00000012   Code   RO         3567    i.USB_DevInit       stm32l4xx_ll_usb.o
    0x08003568   0x08003568   0x00000010   Code   RO         3568    i.USB_DisableGlobalInt  stm32l4xx_ll_usb.o
    0x08003578   0x08003578   0x00000004   Code   RO         3583    i.USB_SetCurrentMode  stm32l4xx_ll_usb.o
    0x0800357c   0x0800357c   0x00000002   Code   RO          274    i.UsageFault_Handler  stm32l4xx_it.o
    0x0800357e   0x0800357e   0x00000020   Code   RO         2210    i.__NVIC_SetPriority  stm32l4xx_hal_cortex.o
    0x0800359e   0x0800359e   0x00000002   PAD
    0x080035a0   0x080035a0   0x00000104   Code   RO           29    i.main              main.o
    0x080036a4   0x080036a4   0x0000000a   Code   RO         4186    x$fpl$fpinit        fz_wm.l(fpinit.o)
    0x080036ae   0x080036ae   0x00000002   PAD
    0x080036b0   0x080036b0   0x00000040   Data   RO         3747    .constdata          system_stm32l4xx.o
    0x080036f0   0x080036f0   0x00000008   Data   RO         3748    .constdata          system_stm32l4xx.o
    0x080036f8   0x080036f8   0x0000016e   Data   RO         3813    .constdata          si4463.o
    0x08003866   0x08003866   0x00000002   PAD
    0x08003868   0x08003868   0x00000020   Data   RO         4277    Region$$Table       anon$$obj.o


    Execution Region RW_IRAM2 (Exec base: 0x10000000, Load base: 0x08003898, Size: 0x00000000, Max: 0x00004000, ABSOLUTE)

    **** No section assigned to this execution region ****


    Execution Region RW_IRAM1 (Exec base: 0x20000000, Load base: 0x08003888, Size: 0x00000cb0, Max: 0x0000c000, ABSOLUTE)

    Exec Addr    Load Addr    Size         Type   Attr      Idx    E Section Name        Object

    0x20000000   0x08003888   0x0000000c   Data   RW          985    .data               stm32l4xx_hal.o
    0x2000000c   0x08003894   0x00000004   Data   RW         3749    .data               system_stm32l4xx.o
    0x20000010        -       0x00000558   Zero   RW           31    .bss                main.o
    0x20000568        -       0x000000e4   Zero   RW         4053    .bss                c_w.l(rand.o)
    0x2000064c        -       0x00000060   Zero   RW         4150    .bss                c_w.l(libspace.o)
    0x200006ac   0x08003898   0x00000004   PAD
    0x200006b0        -       0x00000200   Zero   RW            2    HEAP                startup_stm32l433xx.o
    0x200008b0        -       0x00000400   Zero   RW            1    STACK               startup_stm32l433xx.o


==============================================================================

Image component sizes


      Code (inc. data)   RO Data    RW Data    ZI Data      Debug   Object Name

      1494        128          0          0       1368     715368   main.o
      1478         62        366          0          0      17060   si4463.o
        64         26        396          0       1536        868   startup_stm32l433xx.o
       176         28          0         12          0      12841   stm32l4xx_hal.o
       232         14          0          0          0      34705   stm32l4xx_hal_cortex.o
       152          0          0          0          0       1855   stm32l4xx_hal_dma.o
       530         36          0          0          0       4339   stm32l4xx_hal_gpio.o
       184          6          0          0          0       3275   stm32l4xx_hal_i2c.o
       168          0          0          0          0       1983   stm32l4xx_hal_i2c_ex.o
       700         64          0          0          0       4279   stm32l4xx_hal_msp.o
       230          0          0          0          0       1576   stm32l4xx_hal_pcd.o
        36          0          0          0          0       1182   stm32l4xx_hal_pcd_ex.o
       120         20          0          0          0       1414   stm32l4xx_hal_pwr_ex.o
      2060         98          0          0          0       7156   stm32l4xx_hal_rcc.o
      1050         30          0          0          0       3044   stm32l4xx_hal_rcc_ex.o
      1326         10          0          0          0       6553   stm32l4xx_hal_spi.o
      1864         62          0          0          0      10387   stm32l4xx_hal_uart.o
         2          0          0          0          0       1060   stm32l4xx_hal_uart_ex.o
        38          6          0          0          0       5365   stm32l4xx_it.o
        56          0          0          0          0       3660   stm32l4xx_ll_usb.o
        16          4         72          4          0       1257   system_stm32l4xx.o

    ----------------------------------------------------------------------
     12004        594        868         16       2904     839227   Object Totals
         0          0         32          0          0          0   (incl. Generated)
        28          0          2          0          0          0   (incl. Padding)

    ----------------------------------------------------------------------

      Code (inc. data)   RO Data    RW Data    ZI Data      Debug   Library Member Name

         8          0          0          0          0         68   __main.o
         0          0          0          0          0          0   __rtentry.o
        12          0          0          0          0          0   __rtentry2.o
         6          0          0          0          0          0   __rtentry4.o
        52          8          0          0          0          0   __scatter.o
        26          0          0          0          0          0   __scatter_copy.o
        28          0          0          0          0          0   __scatter_zi.o
        10          0          0          0          0         68   defsig_exit.o
        50          0          0          0          0         88   defsig_general.o
        80         58          0          0          0         76   defsig_rtmem_inner.o
        14          0          0          0          0         80   defsig_rtmem_outer.o
        18          0          0          0          0         80   exit.o
        94          0          0          0          0         80   h1_alloc.o
        52          0          0          0          0         68   h1_extend.o
        78          0          0          0          0         80   h1_free.o
        14          0          0          0          0         84   h1_init.o
         6          0          0          0          0        152   heapauxi.o
         4          0          0          0          0        136   hguard.o
         0          0          0          0          0          0   indicate_semi.o
       138          0          0          0          0        168   init_alloc.o
         2          0          0          0          0          0   libinit.o
        18          0          0          0          0          0   libinit2.o
         2          0          0          0          0          0   libshutdown.o
         2          0          0          0          0          0   libshutdown2.o
         8          4          0          0         96         68   libspace.o
       238          0          0          0          0        100   lludivv7m.o
         0          0          0          0          0          0   maybetermalloc1.o
       112         18          0          0        228        160   rand.o
         8          4          0          0          0         68   rt_heap_descriptor_intlibspace.o
        68          0          0          0          0         68   rt_memclr.o
        78          0          0          0          0         80   rt_memclr_w.o
       138          0          0          0          0         68   rt_memcpy_v6.o
       100          0          0          0          0         80   rt_memcpy_w.o
         2          0          0          0          0          0   rtexit.o
        10          0          0          0          0          0   rtexit2.o
        12          4          0          0          0         68   sys_exit.o
        74          0          0          0          0         80   sys_stackheap_outer.o
        14          0          0          0          0         76   sys_wrch.o
         2          0          0          0          0         68   use_no_semi.o
        10          0          0          0          0        116   fpinit.o

    ----------------------------------------------------------------------
      1600         96          0          0        328       2328   Library Totals
        12          0          0          0          4          0   (incl. Padding)

    ----------------------------------------------------------------------

      Code (inc. data)   RO Data    RW Data    ZI Data      Debug   Library Name

      1578         96          0          0        324       2212   c_w.l
        10          0          0          0          0        116   fz_wm.l

    ----------------------------------------------------------------------
      1600         96          0          0        328       2328   Library Totals

    ----------------------------------------------------------------------

==============================================================================


      Code (inc. data)   RO Data    RW Data    ZI Data      Debug   

     13604        690        868         16       3232     830259   Grand Totals
     13604        690        868         16       3232     830259   ELF Image Totals
     13604        690        868         16          0          0   ROM Totals

==============================================================================

    Total RO  Size (Code + RO Data)                14472 (  14.13kB)
    Total RW  Size (RW Data + ZI Data)              3248 (   3.17kB)
    Total ROM Size (Code + RO Data + RW Data)      14488 (  14.15kB)

==============================================================================

